W/Trace   ( 5240): Unexpected value from nativeGetEnabledTags: 0

W/Trace   ( 5240): Unexpected value from nativeGetEnabledTags: 0

W/Trace   ( 5240): Unexpected value from nativeGetEnabledTags: 0

W/Trace   ( 5240): Unexpected value from nativeGetEnabledTags: 0

W/Trace   ( 5240): Unexpected value from nativeGetEnabledTags: 0

W/Trace   ( 5240): Unexpected value from nativeGetEnabledTags: 0

W/Trace   ( 5240): Unexpected value from nativeGetEnabledTags: 0

W/Trace   ( 5240): Unexpected value from nativeGetEnabledTags: 0

W/Trace   ( 5240): Unexpected value from nativeGetEnabledTags: 0

W/Trace   ( 5240): Unexpected value from nativeGetEnabledTags: 0

W/Trace   ( 5240): Unexpected value from nativeGetEnabledTags: 0

W/Trace   ( 5240): Unexpected value from nativeGetEnabledTags: 0

W/Trace   ( 5240): Unexpected value from nativeGetEnabledTags: 0

W/Trace   ( 5240): Unexpected value from nativeGetEnabledTags: 0

W/Trace   ( 5240): Unexpected value from nativeGetEnabledTags: 0

W/Trace   ( 5240): Unexpected value from nativeGetEnabledTags: 0

W/Trace   ( 5240): Unexpected value from nativeGetEnabledTags: 0

W/Trace   ( 5240): Unexpected value from nativeGetEnabledTags: 0

W/AudioPolicyManagerBase( 4958): getOutput() could not find output for stream 1, samplingRate 0,format 0, channels 3, flags 0

W/AudioPolicyManagerBase( 4958): getOutput() could not find output for stream 1, samplingRate 0,format 0, channels 3, flags 0

W/AudioPolicyManagerBase( 4958): getOutput() could not find output for stream 1, samplingRate 44100,format 1, channels 1, flags 4

E/AudioTrack( 5240): Could not get audio output for stream type 1

E/SoundPool( 5240): Error creating AudioTrack

I/Process ( 8245): Sending signal. PID: 8245 SIG: 9

I/ActivityManager( 5240): Process org.ruboto.example.rss_0 (pid 8245) has died.

I/WindowState( 5240): WIN DEATH: Window{b41de8d0 u0 org.ruboto.example.rss_0/org.ruboto.SplashActivity}

W/Trace   ( 5240): Unexpected value from nativeGetEnabledTags: 0

W/Trace   ( 5240): Unexpected value from nativeGetEnabledTags: 0

I/WindowState( 5240): WIN DEATH: Window{b41f24a8 u0 org.ruboto.example.rss_0/org.ruboto.SplashActivity}

W/Trace   ( 5240): Unexpected value from nativeGetEnabledTags: 0

W/Trace   ( 5240): Unexpected value from nativeGetEnabledTags: 0

W/Trace   ( 5240): Unexpected value from nativeGetEnabledTags: 0

W/Trace   ( 5240): Unexpected value from nativeGetEnabledTags: 0

W/Trace   ( 5240): Unexpected value from nativeGetEnabledTags: 0

W/Trace   ( 5240): Unexpected value from nativeGetEnabledTags: 0

W/Trace   ( 5240): Unexpected value from nativeGetEnabledTags: 0

W/Trace   ( 5240): Unexpected value from nativeGetEnabledTags: 0

W/Trace   ( 5240): Unexpected value from nativeGetEnabledTags: 0

W/Trace   ( 5240): Unexpected value from nativeGetEnabledTags: 0

W/InputMethodManagerService( 5240): Window already focused, ignoring focus gain of: com.android.internal.view.IInputMethodClient$Stub$Proxy@b4226a40 attribute=null, token = android.os.BinderProxy@b40f7d60

W/Trace   ( 5240): Unexpected value from nativeGetEnabledTags: 0

W/Trace   ( 5240): Unexpected value from nativeGetEnabledTags: 0

W/Trace   ( 5240): Unexpected value from nativeGetEnabledTags: 0

W/Trace   ( 5240): Unexpected value from nativeGetEnabledTags: 0

W/Trace   ( 5492): Unexpected value from nativeGetEnabledTags: 0

W/Trace   ( 5492): Unexpected value from nativeGetEnabledTags: 0

W/Trace   ( 5492): Unexpected value from nativeGetEnabledTags: 0

W/Trace   ( 5240): Unexpected value from nativeGetEnabledTags: 0

W/Trace   ( 5240): Unexpected value from nativeGetEnabledTags: 0

W/Trace   ( 5492): Unexpected value from nativeGetEnabledTags: 0

W/Trace   ( 5492): Unexpected value from nativeGetEnabledTags: 0

W/Trace   ( 5492): Unexpected value from nativeGetEnabledTags: 0

W/Trace   ( 5492): Unexpected value from nativeGetEnabledTags: 0

W/Trace   ( 5492): Unexpected value from nativeGetEnabledTags: 0

W/Trace   ( 6400): Unexpected value from nativeGetEnabledTags: 0

D/webviewglue( 6400): OnTrimMemory with EGL Context 0x0

E/libEGL  ( 6400): call to OpenGL ES API with no current context (logged once per thread)

E/libEGL  ( 6400): call to OpenGL ES API with no current context (logged once per thread)

E/libEGL  ( 6400): call to OpenGL ES API with no current context (logged once per thread)

E/libEGL  ( 6400): call to OpenGL ES API with no current context (logged once per thread)

E/libEGL  ( 6400): call to OpenGL ES API with no current context (logged once per thread)

W/Trace   ( 6400): Unexpected value from nativeGetEnabledTags: 0

W/Trace   ( 6383): Unexpected value from nativeGetEnabledTags: 0

W/Trace   ( 6383): Unexpected value from nativeGetEnabledTags: 0

W/Trace   ( 5480): Unexpected value from nativeGetEnabledTags: 0

W/Trace   ( 5480): Unexpected value from nativeGetEnabledTags: 0

W/Trace   ( 8123): Unexpected value from nativeGetEnabledTags: 0

W/Trace   ( 8123): Unexpected value from nativeGetEnabledTags: 0

W/Trace   ( 5492): Unexpected value from nativeGetEnabledTags: 0

W/Trace   ( 5492): Unexpected value from nativeGetEnabledTags: 0

W/Trace   ( 5709): Unexpected value from nativeGetEnabledTags: 0

W/Trace   ( 5709): Unexpected value from nativeGetEnabledTags: 0

W/Trace   ( 5240): Unexpected value from nativeGetEnabledTags: 0

W/Trace   ( 5240): Unexpected value from nativeGetEnabledTags: 0

W/Trace   ( 5431): Unexpected value from nativeGetEnabledTags: 0

W/Trace   ( 5431): Unexpected value from nativeGetEnabledTags: 0

W/Trace   ( 6089): Unexpected value from nativeGetEnabledTags: 0

W/Trace   ( 6089): Unexpected value from nativeGetEnabledTags: 0

W/Trace   ( 5370): Unexpected value from nativeGetEnabledTags: 0

W/Trace   ( 5370): Unexpected value from nativeGetEnabledTags: 0

W/Trace   ( 5240): Unexpected value from nativeGetEnabledTags: 0

W/Trace   ( 5240): Unexpected value from nativeGetEnabledTags: 0

W/Trace   ( 5240): Unexpected value from nativeGetEnabledTags: 0

W/Trace   ( 5370): Unexpected value from nativeGetEnabledTags: 0

W/Trace   ( 5370): Unexpected value from nativeGetEnabledTags: 0

W/Trace   ( 5240): Unexpected value from nativeGetEnabledTags: 0

W/Trace   ( 5370): Unexpected value from nativeGetEnabledTags: 0

W/Trace   ( 5370): Unexpected value from nativeGetEnabledTags: 0

W/Trace   ( 5370): Unexpected value from nativeGetEnabledTags: 0

W/Trace   ( 5370): Unexpected value from nativeGetEnabledTags: 0

W/Trace   ( 5370): Unexpected value from nativeGetEnabledTags: 0

W/Trace   ( 5370): Unexpected value from nativeGetEnabledTags: 0

W/Trace   ( 5370): Unexpected value from nativeGetEnabledTags: 0

W/Trace   ( 5370): Unexpected value from nativeGetEnabledTags: 0

W/Trace   ( 5370): Unexpected value from nativeGetEnabledTags: 0

W/Trace   ( 5370): Unexpected value from nativeGetEnabledTags: 0

W/Trace   ( 5370): Unexpected value from nativeGetEnabledTags: 0

W/Trace   ( 5370): Unexpected value from nativeGetEnabledTags: 0

W/Trace   ( 5370): Unexpected value from nativeGetEnabledTags: 0

W/Trace   ( 5370): Unexpected value from nativeGetEnabledTags: 0

W/Trace   ( 5492): Unexpected value from nativeGetEnabledTags: 0

W/Trace   ( 5492): Unexpected value from nativeGetEnabledTags: 0

D/ExchangeService( 5709): Received deviceId from Email app: null

D/ExchangeService( 5709): !!! deviceId unknown; stopping self and retrying

W/Trace   ( 5480): Unexpected value from nativeGetEnabledTags: 0

W/Trace   ( 5480): Unexpected value from nativeGetEnabledTags: 0

W/Trace   ( 5492): Unexpected value from nativeGetEnabledTags: 0

W/Trace   ( 5492): Unexpected value from nativeGetEnabledTags: 0

W/Trace   ( 5431): Unexpected value from nativeGetEnabledTags: 0

W/Trace   ( 5431): Unexpected value from nativeGetEnabledTags: 0

W/Trace   ( 6089): Unexpected value from nativeGetEnabledTags: 0

W/Trace   ( 6089): Unexpected value from nativeGetEnabledTags: 0

W/Trace   ( 5370): Unexpected value from nativeGetEnabledTags: 0

W/Trace   ( 5370): Unexpected value from nativeGetEnabledTags: 0

W/Trace   ( 5709): Unexpected value from nativeGetEnabledTags: 0

W/Trace   ( 5709): Unexpected value from nativeGetEnabledTags: 0

D/ExchangeService( 5709): !!! EAS ExchangeService, onCreate

W/Trace   ( 5709): Unexpected value from nativeGetEnabledTags: 0

D/ExchangeService( 5709): !!! EAS ExchangeService, onStartCommand, startingUp = false, running = false

W/Trace   ( 5709): Unexpected value from nativeGetEnabledTags: 0

W/Trace   ( 5709): Unexpected value from nativeGetEnabledTags: 0

D/ExchangeService( 5709): !!! EAS ExchangeService, onStartCommand, startingUp = true, running = false

W/Trace   ( 5709): Unexpected value from nativeGetEnabledTags: 0

W/ActivityManager( 5240): Unable to start service Intent { act=com.android.email.ACCOUNT_INTENT } U=0: not found

D/ExchangeService( 5709): !!! Email application not found; stopping self

W/Trace   ( 5709): Unexpected value from nativeGetEnabledTags: 0

W/Trace   ( 5709): Unexpected value from nativeGetEnabledTags: 0

E/ActivityThread( 5709): Service com.android.exchange.ExchangeService has leaked ServiceConnection com.android.emailcommon.service.ServiceProxy$ProxyConnection@b3f93e28 that was originally bound here

E/ActivityThread( 5709): android.app.ServiceConnectionLeaked: Service com.android.exchange.ExchangeService has leaked ServiceConnection com.android.emailcommon.service.ServiceProxy$ProxyConnection@b3f93e28 that was originally bound here

E/ActivityThread( 5709): 	at android.app.LoadedApk$ServiceDispatcher.<init>(LoadedApk.java:969)

E/ActivityThread( 5709): 	at android.app.LoadedApk.getServiceDispatcher(LoadedApk.java:863)

E/ActivityThread( 5709): 	at android.app.ContextImpl.bindService(ContextImpl.java:1418)

E/ActivityThread( 5709): 	at android.app.ContextImpl.bindService(ContextImpl.java:1407)

E/ActivityThread( 5709): 	at android.content.ContextWrapper.bindService(ContextWrapper.java:473)

E/ActivityThread( 5709): 	at com.android.emailcommon.service.ServiceProxy.setTask(ServiceProxy.java:157)

E/ActivityThread( 5709): 	at com.android.emailcommon.service.ServiceProxy.setTask(ServiceProxy.java:145)

E/ActivityThread( 5709): 	at com.android.emailcommon.service.ServiceProxy.test(ServiceProxy.java:191)

E/ActivityThread( 5709): 	at com.android.exchange.ExchangeService$7.run(ExchangeService.java:1850)

E/ActivityThread( 5709): 	at com.android.emailcommon.utility.Utility$2.doInBackground(Utility.java:551)

E/ActivityThread( 5709): 	at com.android.emailcommon.utility.Utility$2.doInBackground(Utility.java:549)

E/ActivityThread( 5709): 	at android.os.AsyncTask$2.call(AsyncTask.java:287)

E/ActivityThread( 5709): 	at java.util.concurrent.FutureTask.run(FutureTask.java:234)

E/ActivityThread( 5709): 	at java.util.concurrent.ThreadPoolExecutor.runWorker(ThreadPoolExecutor.java:1080)

E/ActivityThread( 5709): 	at java.util.concurrent.ThreadPoolExecutor$Worker.run(ThreadPoolExecutor.java:573)

E/ActivityThread( 5709): 	at java.lang.Thread.run(Thread.java:856)

E/StrictMode( 5709): null

E/StrictMode( 5709): android.app.ServiceConnectionLeaked: Service com.android.exchange.ExchangeService has leaked ServiceConnection com.android.emailcommon.service.ServiceProxy$ProxyConnection@b3f93e28 that was originally bound here

E/StrictMode( 5709): 	at android.app.LoadedApk$ServiceDispatcher.<init>(LoadedApk.java:969)

E/StrictMode( 5709): 	at android.app.LoadedApk.getServiceDispatcher(LoadedApk.java:863)

E/StrictMode( 5709): 	at android.app.ContextImpl.bindService(ContextImpl.java:1418)

E/StrictMode( 5709): 	at android.app.ContextImpl.bindService(ContextImpl.java:1407)

E/StrictMode( 5709): 	at android.content.ContextWrapper.bindService(ContextWrapper.java:473)

E/StrictMode( 5709): 	at com.android.emailcommon.service.ServiceProxy.setTask(ServiceProxy.java:157)

E/StrictMode( 5709): 	at com.android.emailcommon.service.ServiceProxy.setTask(ServiceProxy.java:145)

E/StrictMode( 5709): 	at com.android.emailcommon.service.ServiceProxy.test(ServiceProxy.java:191)

E/StrictMode( 5709): 	at com.android.exchange.ExchangeService$7.run(ExchangeService.java:1850)

E/StrictMode( 5709): 	at com.android.emailcommon.utility.Utility$2.doInBackground(Utility.java:551)

E/StrictMode( 5709): 	at com.android.emailcommon.utility.Utility$2.doInBackground(Utility.java:549)

E/StrictMode( 5709): 	at android.os.AsyncTask$2.call(AsyncTask.java:287)

E/StrictMode( 5709): 	at java.util.concurrent.FutureTask.run(FutureTask.java:234)

E/StrictMode( 5709): 	at java.util.concurrent.ThreadPoolExecutor.runWorker(ThreadPoolExecutor.java:1080)

E/StrictMode( 5709): 	at java.util.concurrent.ThreadPoolExecutor$Worker.run(ThreadPoolExecutor.java:573)

E/StrictMode( 5709): 	at java.lang.Thread.run(Thread.java:856)

W/ActivityManager( 5240): Unbind failed: could not find connection for android.os.BinderProxy@b41e6de8

W/Trace   ( 5709): Unexpected value from nativeGetEnabledTags: 0

W/Trace   ( 5709): Unexpected value from nativeGetEnabledTags: 0

W/ActivityManager( 5240): Unable to start service Intent { act=com.android.email.ACCOUNT_INTENT } U=0: not found

W/Trace   ( 5240): Unexpected value from nativeGetEnabledTags: 0

W/Trace   ( 5240): Unexpected value from nativeGetEnabledTags: 0

D/dalvikvm( 5240): GC_CONCURRENT freed 517K, 42% free 9150K/15668K, paused 9ms+1ms, total 17ms

W/Trace   ( 5480): Unexpected value from nativeGetEnabledTags: 0

W/Trace   ( 5480): Unexpected value from nativeGetEnabledTags: 0

D/ExchangeService( 5709): Received deviceId from Email app: null

D/ExchangeService( 5709): !!! deviceId unknown; stopping self and retrying

W/Trace   ( 5240): Unexpected value from nativeGetEnabledTags: 0

W/Trace   ( 5240): Unexpected value from nativeGetEnabledTags: 0

W/Trace   ( 5240): Unexpected value from nativeGetEnabledTags: 0

W/Trace   ( 5370): Unexpected value from nativeGetEnabledTags: 0

W/Trace   ( 5370): Unexpected value from nativeGetEnabledTags: 0

W/Trace   ( 5240): Unexpected value from nativeGetEnabledTags: 0

W/Trace   ( 5370): Unexpected value from nativeGetEnabledTags: 0

W/Trace   ( 5370): Unexpected value from nativeGetEnabledTags: 0

W/Trace   ( 5370): Unexpected value from nativeGetEnabledTags: 0

W/Trace   ( 5370): Unexpected value from nativeGetEnabledTags: 0

W/Trace   ( 5370): Unexpected value from nativeGetEnabledTags: 0

W/Trace   ( 5370): Unexpected value from nativeGetEnabledTags: 0

W/Trace   ( 5370): Unexpected value from nativeGetEnabledTags: 0

W/Trace   ( 5370): Unexpected value from nativeGetEnabledTags: 0

W/Trace   ( 5370): Unexpected value from nativeGetEnabledTags: 0

W/Trace   ( 5370): Unexpected value from nativeGetEnabledTags: 0

W/Trace   ( 5370): Unexpected value from nativeGetEnabledTags: 0

W/Trace   ( 5370): Unexpected value from nativeGetEnabledTags: 0

W/Trace   ( 5370): Unexpected value from nativeGetEnabledTags: 0

W/Trace   ( 5370): Unexpected value from nativeGetEnabledTags: 0

W/Trace   ( 5492): Unexpected value from nativeGetEnabledTags: 0

W/Trace   ( 5492): Unexpected value from nativeGetEnabledTags: 0

W/Trace   ( 5480): Unexpected value from nativeGetEnabledTags: 0

W/Trace   ( 5480): Unexpected value from nativeGetEnabledTags: 0

W/Trace   ( 5492): Unexpected value from nativeGetEnabledTags: 0

W/Trace   ( 5492): Unexpected value from nativeGetEnabledTags: 0

W/Trace   ( 5431): Unexpected value from nativeGetEnabledTags: 0

W/Trace   ( 5431): Unexpected value from nativeGetEnabledTags: 0

W/Trace   ( 5370): Unexpected value from nativeGetEnabledTags: 0

W/Trace   ( 5370): Unexpected value from nativeGetEnabledTags: 0

W/Trace   ( 5709): Unexpected value from nativeGetEnabledTags: 0

W/Trace   ( 5709): Unexpected value from nativeGetEnabledTags: 0

D/ExchangeService( 5709): !!! EAS ExchangeService, onCreate

W/Trace   ( 5709): Unexpected value from nativeGetEnabledTags: 0

D/ExchangeService( 5709): !!! EAS ExchangeService, onStartCommand, startingUp = false, running = false

W/Trace   ( 5709): Unexpected value from nativeGetEnabledTags: 0

W/Trace   ( 5709): Unexpected value from nativeGetEnabledTags: 0

D/ExchangeService( 5709): !!! EAS ExchangeService, onStartCommand, startingUp = true, running = false

W/Trace   ( 5709): Unexpected value from nativeGetEnabledTags: 0

W/ActivityManager( 5240): Unable to start service Intent { act=com.android.email.ACCOUNT_INTENT } U=0: not found

D/ExchangeService( 5709): !!! Email application not found; stopping self

W/ActivityManager( 5240): Unable to start service Intent { act=com.android.email.ACCOUNT_INTENT } U=0: not found

W/Trace   ( 5240): Unexpected value from nativeGetEnabledTags: 0

W/Trace   ( 5240): Unexpected value from nativeGetEnabledTags: 0

W/Trace   ( 5709): Unexpected value from nativeGetEnabledTags: 0

W/Trace   ( 5709): Unexpected value from nativeGetEnabledTags: 0

E/ActivityThread( 5709): Service com.android.exchange.ExchangeService has leaked ServiceConnection com.android.emailcommon.service.ServiceProxy$ProxyConnection@b4029570 that was originally bound here

E/ActivityThread( 5709): android.app.ServiceConnectionLeaked: Service com.android.exchange.ExchangeService has leaked ServiceConnection com.android.emailcommon.service.ServiceProxy$ProxyConnection@b4029570 that was originally bound here

E/ActivityThread( 5709): 	at android.app.LoadedApk$ServiceDispatcher.<init>(LoadedApk.java:969)

E/ActivityThread( 5709): 	at android.app.LoadedApk.getServiceDispatcher(LoadedApk.java:863)

E/ActivityThread( 5709): 	at android.app.ContextImpl.bindService(ContextImpl.java:1418)

E/ActivityThread( 5709): 	at android.app.ContextImpl.bindService(ContextImpl.java:1407)

E/ActivityThread( 5709): 	at android.content.ContextWrapper.bindService(ContextWrapper.java:473)

E/ActivityThread( 5709): 	at com.android.emailcommon.service.ServiceProxy.setTask(ServiceProxy.java:157)

E/ActivityThread( 5709): 	at com.android.emailcommon.service.ServiceProxy.setTask(ServiceProxy.java:145)

E/ActivityThread( 5709): 	at com.android.emailcommon.service.ServiceProxy.test(ServiceProxy.java:191)

E/ActivityThread( 5709): 	at com.android.exchange.ExchangeService$7.run(ExchangeService.java:1850)

E/ActivityThread( 5709): 	at com.android.emailcommon.utility.Utility$2.doInBackground(Utility.java:551)

E/ActivityThread( 5709): 	at com.android.emailcommon.utility.Utility$2.doInBackground(Utility.java:549)

E/ActivityThread( 5709): 	at android.os.AsyncTask$2.call(AsyncTask.java:287)

E/ActivityThread( 5709): 	at java.util.concurrent.FutureTask.run(FutureTask.java:234)

E/ActivityThread( 5709): 	at java.util.concurrent.ThreadPoolExecutor.runWorker(ThreadPoolExecutor.java:1080)

E/ActivityThread( 5709): 	at java.util.concurrent.ThreadPoolExecutor$Worker.run(ThreadPoolExecutor.java:573)

E/ActivityThread( 5709): 	at java.lang.Thread.run(Thread.java:856)

E/StrictMode( 5709): null

E/StrictMode( 5709): android.app.ServiceConnectionLeaked: Service com.android.exchange.ExchangeService has leaked ServiceConnection com.android.emailcommon.service.ServiceProxy$ProxyConnection@b4029570 that was originally bound here

E/StrictMode( 5709): 	at android.app.LoadedApk$ServiceDispatcher.<init>(LoadedApk.java:969)

E/StrictMode( 5709): 	at android.app.LoadedApk.getServiceDispatcher(LoadedApk.java:863)

E/StrictMode( 5709): 	at android.app.ContextImpl.bindService(ContextImpl.java:1418)

E/StrictMode( 5709): 	at android.app.ContextImpl.bindService(ContextImpl.java:1407)

E/StrictMode( 5709): 	at android.content.ContextWrapper.bindService(ContextWrapper.java:473)

E/StrictMode( 5709): 	at com.android.emailcommon.service.ServiceProxy.setTask(ServiceProxy.java:157)

E/StrictMode( 5709): 	at com.android.emailcommon.service.ServiceProxy.setTask(ServiceProxy.java:145)

E/StrictMode( 5709): 	at com.android.emailcommon.service.ServiceProxy.test(ServiceProxy.java:191)

E/StrictMode( 5709): 	at com.android.exchange.ExchangeService$7.run(ExchangeService.java:1850)

E/StrictMode( 5709): 	at com.android.emailcommon.utility.Utility$2.doInBackground(Utility.java:551)

E/StrictMode( 5709): 	at com.android.emailcommon.utility.Utility$2.doInBackground(Utility.java:549)

E/StrictMode( 5709): 	at android.os.AsyncTask$2.call(AsyncTask.java:287)

E/StrictMode( 5709): 	at java.util.concurrent.FutureTask.run(FutureTask.java:234)

E/StrictMode( 5709): 	at java.util.concurrent.ThreadPoolExecutor.runWorker(ThreadPoolExecutor.java:1080)

E/StrictMode( 5709): 	at java.util.concurrent.ThreadPoolExecutor$Worker.run(ThreadPoolExecutor.java:573)

E/StrictMode( 5709): 	at java.lang.Thread.run(Thread.java:856)

W/ActivityManager( 5240): Unbind failed: could not find connection for android.os.BinderProxy@b4501da8

E/ActivityThread( 5709): Service com.android.exchange.ExchangeService has leaked ServiceConnection com.android.emailcommon.service.ServiceProxy$ProxyConnection@b403fda8 that was originally bound here

E/ActivityThread( 5709): android.app.ServiceConnectionLeaked: Service com.android.exchange.ExchangeService has leaked ServiceConnection com.android.emailcommon.service.ServiceProxy$ProxyConnection@b403fda8 that was originally bound here

E/ActivityThread( 5709): 	at android.app.LoadedApk$ServiceDispatcher.<init>(LoadedApk.java:969)

E/ActivityThread( 5709): 	at android.app.LoadedApk.getServiceDispatcher(LoadedApk.java:863)

E/ActivityThread( 5709): 	at android.app.ContextImpl.bindService(ContextImpl.java:1418)

E/ActivityThread( 5709): 	at android.app.ContextImpl.bindService(ContextImpl.java:1407)

E/ActivityThread( 5709): 	at android.content.ContextWrapper.bindService(ContextWrapper.java:473)

E/ActivityThread( 5709): 	at com.android.emailcommon.service.ServiceProxy.setTask(ServiceProxy.java:157)

E/ActivityThread( 5709): 	at com.android.emailcommon.service.ServiceProxy.setTask(ServiceProxy.java:145)

E/ActivityThread( 5709): 	at com.android.emailcommon.service.AccountServiceProxy.getDeviceId(AccountServiceProxy.java:116)

E/ActivityThread( 5709): 	at com.android.exchange.ExchangeService.getDeviceId(ExchangeService.java:1249)

E/ActivityThread( 5709): 	at com.android.exchange.ExchangeService$7.run(ExchangeService.java:1856)

E/ActivityThread( 5709): 	at com.android.emailcommon.utility.Utility$2.doInBackground(Utility.java:551)

E/ActivityThread( 5709): 	at com.android.emailcommon.utility.Utility$2.doInBackground(Utility.java:549)

E/ActivityThread( 5709): 	at android.os.AsyncTask$2.call(AsyncTask.java:287)

E/ActivityThread( 5709): 	at java.util.concurrent.FutureTask.run(FutureTask.java:234)

E/ActivityThread( 5709): 	at java.util.concurrent.ThreadPoolExecutor.runWorker(ThreadPoolExecutor.java:1080)

E/ActivityThread( 5709): 	at java.util.concurrent.ThreadPoolExecutor$Worker.run(ThreadPoolExecutor.java:573)

E/ActivityThread( 5709): 	at java.lang.Thread.run(Thread.java:856)

E/StrictMode( 5709): null

E/StrictMode( 5709): android.app.ServiceConnectionLeaked: Service com.android.exchange.ExchangeService has leaked ServiceConnection com.android.emailcommon.service.ServiceProxy$ProxyConnection@b403fda8 that was originally bound here

E/StrictMode( 5709): 	at android.app.LoadedApk$ServiceDispatcher.<init>(LoadedApk.java:969)

E/StrictMode( 5709): 	at android.app.LoadedApk.getServiceDispatcher(LoadedApk.java:863)

E/StrictMode( 5709): 	at android.app.ContextImpl.bindService(ContextImpl.java:1418)

E/StrictMode( 5709): 	at android.app.ContextImpl.bindService(ContextImpl.java:1407)

E/StrictMode( 5709): 	at android.content.ContextWrapper.bindService(ContextWrapper.java:473)

E/StrictMode( 5709): 	at com.android.emailcommon.service.ServiceProxy.setTask(ServiceProxy.java:157)

E/StrictMode( 5709): 	at com.android.emailcommon.service.ServiceProxy.setTask(ServiceProxy.java:145)

E/StrictMode( 5709): 	at com.android.emailcommon.service.AccountServiceProxy.getDeviceId(AccountServiceProxy.java:116)

E/StrictMode( 5709): 	at com.android.exchange.ExchangeService.getDeviceId(ExchangeService.java:1249)

E/StrictMode( 5709): 	at com.android.exchange.ExchangeService$7.run(ExchangeService.java:1856)

E/StrictMode( 5709): 	at com.android.emailcommon.utility.Utility$2.doInBackground(Utility.java:551)

E/StrictMode( 5709): 	at com.android.emailcommon.utility.Utility$2.doInBackground(Utility.java:549)

E/StrictMode( 5709): 	at android.os.AsyncTask$2.call(AsyncTask.java:287)

E/StrictMode( 5709): 	at java.util.concurrent.FutureTask.run(FutureTask.java:234)

E/StrictMode( 5709): 	at java.util.concurrent.ThreadPoolExecutor.runWorker(ThreadPoolExecutor.java:1080)

E/StrictMode( 5709): 	at java.util.concurrent.ThreadPoolExecutor$Worker.run(ThreadPoolExecutor.java:573)

E/StrictMode( 5709): 	at java.lang.Thread.run(Thread.java:856)

W/ActivityManager( 5240): Unbind failed: could not find connection for android.os.BinderProxy@b44ffbe0

W/Trace   ( 5709): Unexpected value from nativeGetEnabledTags: 0

W/Trace   ( 5709): Unexpected value from nativeGetEnabledTags: 0

W/Trace   ( 5480): Unexpected value from nativeGetEnabledTags: 0

W/Trace   ( 5480): Unexpected value from nativeGetEnabledTags: 0

D/ExchangeService( 5709): Received deviceId from Email app: null

D/ExchangeService( 5709): !!! deviceId unknown; stopping self and retrying

W/Trace   ( 5480): Unexpected value from nativeGetEnabledTags: 0

W/Trace   ( 5480): Unexpected value from nativeGetEnabledTags: 0

W/Trace   ( 5492): Unexpected value from nativeGetEnabledTags: 0

W/Trace   ( 5492): Unexpected value from nativeGetEnabledTags: 0

W/Trace   ( 5431): Unexpected value from nativeGetEnabledTags: 0

W/Trace   ( 5431): Unexpected value from nativeGetEnabledTags: 0

W/Trace   ( 5370): Unexpected value from nativeGetEnabledTags: 0

W/Trace   ( 5370): Unexpected value from nativeGetEnabledTags: 0

W/Trace   ( 5240): Unexpected value from nativeGetEnabledTags: 0

W/Trace   ( 5240): Unexpected value from nativeGetEnabledTags: 0

W/Trace   ( 5709): Unexpected value from nativeGetEnabledTags: 0

W/Trace   ( 5709): Unexpected value from nativeGetEnabledTags: 0

W/Trace   ( 5709): Unexpected value from nativeGetEnabledTags: 0

D/ExchangeService( 5709): !!! EAS ExchangeService, onStartCommand, startingUp = false, running = false

W/Trace   ( 5709): Unexpected value from nativeGetEnabledTags: 0

W/ActivityManager( 5240): Unable to start service Intent { act=com.android.email.ACCOUNT_INTENT } U=0: not found

D/ExchangeService( 5709): !!! Email application not found; stopping self

W/ActivityManager( 5240): Unable to start service Intent { act=com.android.email.ACCOUNT_INTENT } U=0: not found

W/Trace   ( 5709): Unexpected value from nativeGetEnabledTags: 0

W/Trace   ( 5709): Unexpected value from nativeGetEnabledTags: 0

E/ActivityThread( 5709): Service com.android.exchange.ExchangeService has leaked ServiceConnection com.android.emailcommon.service.ServiceProxy$ProxyConnection@b4067270 that was originally bound here

E/ActivityThread( 5709): android.app.ServiceConnectionLeaked: Service com.android.exchange.ExchangeService has leaked ServiceConnection com.android.emailcommon.service.ServiceProxy$ProxyConnection@b4067270 that was originally bound here

E/ActivityThread( 5709): 	at android.app.LoadedApk$ServiceDispatcher.<init>(LoadedApk.java:969)

E/ActivityThread( 5709): 	at android.app.LoadedApk.getServiceDispatcher(LoadedApk.java:863)

E/ActivityThread( 5709): 	at android.app.ContextImpl.bindService(ContextImpl.java:1418)

E/ActivityThread( 5709): 	at android.app.ContextImpl.bindService(ContextImpl.java:1407)

E/ActivityThread( 5709): 	at android.content.ContextWrapper.bindService(ContextWrapper.java:473)

E/ActivityThread( 5709): 	at com.android.emailcommon.service.ServiceProxy.setTask(ServiceProxy.java:157)

E/ActivityThread( 5709): 	at com.android.emailcommon.service.ServiceProxy.setTask(ServiceProxy.java:145)

E/ActivityThread( 5709): 	at com.android.emailcommon.service.ServiceProxy.test(ServiceProxy.java:191)

E/ActivityThread( 5709): 	at com.android.exchange.ExchangeService$7.run(ExchangeService.java:1850)

E/ActivityThread( 5709): 	at com.android.emailcommon.utility.Utility$2.doInBackground(Utility.java:551)

E/ActivityThread( 5709): 	at com.android.emailcommon.utility.Utility$2.doInBackground(Utility.java:549)

E/ActivityThread( 5709): 	at android.os.AsyncTask$2.call(AsyncTask.java:287)

E/ActivityThread( 5709): 	at java.util.concurrent.FutureTask.run(FutureTask.java:234)

E/ActivityThread( 5709): 	at java.util.concurrent.ThreadPoolExecutor.runWorker(ThreadPoolExecutor.java:1080)

E/ActivityThread( 5709): 	at java.util.concurrent.ThreadPoolExecutor$Worker.run(ThreadPoolExecutor.java:573)

E/ActivityThread( 5709): 	at java.lang.Thread.run(Thread.java:856)

E/StrictMode( 5709): null

E/StrictMode( 5709): android.app.ServiceConnectionLeaked: Service com.android.exchange.ExchangeService has leaked ServiceConnection com.android.emailcommon.service.ServiceProxy$ProxyConnection@b4067270 that was originally bound here

E/StrictMode( 5709): 	at android.app.LoadedApk$ServiceDispatcher.<init>(LoadedApk.java:969)

E/StrictMode( 5709): 	at android.app.LoadedApk.getServiceDispatcher(LoadedApk.java:863)

E/StrictMode( 5709): 	at android.app.ContextImpl.bindService(ContextImpl.java:1418)

E/StrictMode( 5709): 	at android.app.ContextImpl.bindService(ContextImpl.java:1407)

E/StrictMode( 5709): 	at android.content.ContextWrapper.bindService(ContextWrapper.java:473)

E/StrictMode( 5709): 	at com.android.emailcommon.service.ServiceProxy.setTask(ServiceProxy.java:157)

E/StrictMode( 5709): 	at com.android.emailcommon.service.ServiceProxy.setTask(ServiceProxy.java:145)

E/StrictMode( 5709): 	at com.android.emailcommon.service.ServiceProxy.test(ServiceProxy.java:191)

E/StrictMode( 5709): 	at com.android.exchange.ExchangeService$7.run(ExchangeService.java:1850)

E/StrictMode( 5709): 	at com.android.emailcommon.utility.Utility$2.doInBackground(Utility.java:551)

E/StrictMode( 5709): 	at com.android.emailcommon.utility.Utility$2.doInBackground(Utility.java:549)

E/StrictMode( 5709): 	at android.os.AsyncTask$2.call(AsyncTask.java:287)

E/StrictMode( 5709): 	at java.util.concurrent.FutureTask.run(FutureTask.java:234)

E/StrictMode( 5709): 	at java.util.concurrent.ThreadPoolExecutor.runWorker(ThreadPoolExecutor.java:1080)

E/StrictMode( 5709): 	at java.util.concurrent.ThreadPoolExecutor$Worker.run(ThreadPoolExecutor.java:573)

E/StrictMode( 5709): 	at java.lang.Thread.run(Thread.java:856)

W/ActivityManager( 5240): Unbind failed: could not find connection for android.os.BinderProxy@b41e3a68

E/ActivityThread( 5709): Service com.android.exchange.ExchangeService has leaked ServiceConnection com.android.emailcommon.service.ServiceProxy$ProxyConnection@b4067600 that was originally bound here

E/ActivityThread( 5709): android.app.ServiceConnectionLeaked: Service com.android.exchange.ExchangeService has leaked ServiceConnection com.android.emailcommon.service.ServiceProxy$ProxyConnection@b4067600 that was originally bound here

E/ActivityThread( 5709): 	at android.app.LoadedApk$ServiceDispatcher.<init>(LoadedApk.java:969)

E/ActivityThread( 5709): 	at android.app.LoadedApk.getServiceDispatcher(LoadedApk.java:863)

E/ActivityThread( 5709): 	at android.app.ContextImpl.bindService(ContextImpl.java:1418)

E/ActivityThread( 5709): 	at android.app.ContextImpl.bindService(ContextImpl.java:1407)

E/ActivityThread( 5709): 	at android.content.ContextWrapper.bindService(ContextWrapper.java:473)

E/ActivityThread( 5709): 	at com.android.emailcommon.service.ServiceProxy.setTask(ServiceProxy.java:157)

E/ActivityThread( 5709): 	at com.android.emailcommon.service.ServiceProxy.setTask(ServiceProxy.java:145)

E/ActivityThread( 5709): 	at com.android.emailcommon.service.AccountServiceProxy.getDeviceId(AccountServiceProxy.java:116)

E/ActivityThread( 5709): 	at com.android.exchange.ExchangeService.getDeviceId(ExchangeService.java:1249)

E/ActivityThread( 5709): 	at com.android.exchange.ExchangeService$7.run(ExchangeService.java:1856)

E/ActivityThread( 5709): 	at com.android.emailcommon.utility.Utility$2.doInBackground(Utility.java:551)

E/ActivityThread( 5709): 	at com.android.emailcommon.utility.Utility$2.doInBackground(Utility.java:549)

E/ActivityThread( 5709): 	at android.os.AsyncTask$2.call(AsyncTask.java:287)

E/ActivityThread( 5709): 	at java.util.concurrent.FutureTask.run(FutureTask.java:234)

E/ActivityThread( 5709): 	at java.util.concurrent.ThreadPoolExecutor.runWorker(ThreadPoolExecutor.java:1080)

E/ActivityThread( 5709): 	at java.util.concurrent.ThreadPoolExecutor$Worker.run(ThreadPoolExecutor.java:573)

E/ActivityThread( 5709): 	at java.lang.Thread.run(Thread.java:856)

E/StrictMode( 5709): null

E/StrictMode( 5709): android.app.ServiceConnectionLeaked: Service com.android.exchange.ExchangeService has leaked ServiceConnection com.android.emailcommon.service.ServiceProxy$ProxyConnection@b4067600 that was originally bound here

E/StrictMode( 5709): 	at android.app.LoadedApk$ServiceDispatcher.<init>(LoadedApk.java:969)

E/StrictMode( 5709): 	at android.app.LoadedApk.getServiceDispatcher(LoadedApk.java:863)

E/StrictMode( 5709): 	at android.app.ContextImpl.bindService(ContextImpl.java:1418)

E/StrictMode( 5709): 	at android.app.ContextImpl.bindService(ContextImpl.java:1407)

E/StrictMode( 5709): 	at android.content.ContextWrapper.bindService(ContextWrapper.java:473)

E/StrictMode( 5709): 	at com.android.emailcommon.service.ServiceProxy.setTask(ServiceProxy.java:157)

E/StrictMode( 5709): 	at com.android.emailcommon.service.ServiceProxy.setTask(ServiceProxy.java:145)

E/StrictMode( 5709): 	at com.android.emailcommon.service.AccountServiceProxy.getDeviceId(AccountServiceProxy.java:116)

E/StrictMode( 5709): 	at com.android.exchange.ExchangeService.getDeviceId(ExchangeService.java:1249)

E/StrictMode( 5709): 	at com.android.exchange.ExchangeService$7.run(ExchangeService.java:1856)

E/StrictMode( 5709): 	at com.android.emailcommon.utility.Utility$2.doInBackground(Utility.java:551)

E/StrictMode( 5709): 	at com.android.emailcommon.utility.Utility$2.doInBackground(Utility.java:549)

E/StrictMode( 5709): 	at android.os.AsyncTask$2.call(AsyncTask.java:287)

E/StrictMode( 5709): 	at java.util.concurrent.FutureTask.run(FutureTask.java:234)

E/StrictMode( 5709): 	at java.util.concurrent.ThreadPoolExecutor.runWorker(ThreadPoolExecutor.java:1080)

E/StrictMode( 5709): 	at java.util.concurrent.ThreadPoolExecutor$Worker.run(ThreadPoolExecutor.java:573)

E/StrictMode( 5709): 	at java.lang.Thread.run(Thread.java:856)

D/dalvikvm( 5709): GC_CONCURRENT freed 383K, 13% free 3791K/4312K, paused 0ms+1ms, total 18ms

W/ActivityManager( 5240): Unbind failed: could not find connection for android.os.BinderProxy@b41e0640

W/Trace   ( 5709): Unexpected value from nativeGetEnabledTags: 0

W/Trace   ( 5709): Unexpected value from nativeGetEnabledTags: 0

W/Trace   ( 5240): Unexpected value from nativeGetEnabledTags: 0

W/Trace   ( 5240): Unexpected value from nativeGetEnabledTags: 0

W/Trace   ( 5240): Unexpected value from nativeGetEnabledTags: 0

W/Trace   ( 5370): Unexpected value from nativeGetEnabledTags: 0

W/Trace   ( 5370): Unexpected value from nativeGetEnabledTags: 0

W/Trace   ( 5240): Unexpected value from nativeGetEnabledTags: 0

W/Trace   ( 5370): Unexpected value from nativeGetEnabledTags: 0

W/Trace   ( 5370): Unexpected value from nativeGetEnabledTags: 0

W/Trace   ( 5370): Unexpected value from nativeGetEnabledTags: 0

W/Trace   ( 5370): Unexpected value from nativeGetEnabledTags: 0

W/Trace   ( 5370): Unexpected value from nativeGetEnabledTags: 0

W/Trace   ( 5370): Unexpected value from nativeGetEnabledTags: 0

W/Trace   ( 5370): Unexpected value from nativeGetEnabledTags: 0

W/Trace   ( 5370): Unexpected value from nativeGetEnabledTags: 0

W/Trace   ( 5370): Unexpected value from nativeGetEnabledTags: 0

W/Trace   ( 5370): Unexpected value from nativeGetEnabledTags: 0

W/Trace   ( 5370): Unexpected value from nativeGetEnabledTags: 0

W/Trace   ( 5370): Unexpected value from nativeGetEnabledTags: 0

W/Trace   ( 5370): Unexpected value from nativeGetEnabledTags: 0

W/Trace   ( 5370): Unexpected value from nativeGetEnabledTags: 0

W/Trace   ( 5492): Unexpected value from nativeGetEnabledTags: 0

W/Trace   ( 5492): Unexpected value from nativeGetEnabledTags: 0

D/ExchangeService( 5709): Received deviceId from Email app: null

D/ExchangeService( 5709): !!! deviceId unknown; stopping self and retrying

W/Trace   ( 5480): Unexpected value from nativeGetEnabledTags: 0

W/Trace   ( 5480): Unexpected value from nativeGetEnabledTags: 0

W/Trace   ( 5480): Unexpected value from nativeGetEnabledTags: 0

W/Trace   ( 5480): Unexpected value from nativeGetEnabledTags: 0

W/Trace   ( 5492): Unexpected value from nativeGetEnabledTags: 0

W/Trace   ( 5492): Unexpected value from nativeGetEnabledTags: 0

W/Trace   ( 5431): Unexpected value from nativeGetEnabledTags: 0

W/Trace   ( 5431): Unexpected value from nativeGetEnabledTags: 0

W/Trace   ( 5370): Unexpected value from nativeGetEnabledTags: 0

W/Trace   ( 5370): Unexpected value from nativeGetEnabledTags: 0

W/Trace   ( 5709): Unexpected value from nativeGetEnabledTags: 0

W/Trace   ( 5709): Unexpected value from nativeGetEnabledTags: 0

D/ExchangeService( 5709): !!! EAS ExchangeService, onCreate

W/Trace   ( 5709): Unexpected value from nativeGetEnabledTags: 0

D/ExchangeService( 5709): !!! EAS ExchangeService, onStartCommand, startingUp = false, running = false

W/Trace   ( 5709): Unexpected value from nativeGetEnabledTags: 0

W/Trace   ( 5709): Unexpected value from nativeGetEnabledTags: 0

D/ExchangeService( 5709): !!! EAS ExchangeService, onStartCommand, startingUp = true, running = false

W/Trace   ( 5709): Unexpected value from nativeGetEnabledTags: 0

W/ActivityManager( 5240): Unable to start service Intent { act=com.android.email.ACCOUNT_INTENT } U=0: not found

D/ExchangeService( 5709): !!! Email application not found; stopping self

W/Trace   ( 5709): Unexpected value from nativeGetEnabledTags: 0

W/Trace   ( 5709): Unexpected value from nativeGetEnabledTags: 0

E/ActivityThread( 5709): Service com.android.exchange.ExchangeService has leaked ServiceConnection com.android.emailcommon.service.ServiceProxy$ProxyConnection@b4040b58 that was originally bound here

E/ActivityThread( 5709): android.app.ServiceConnectionLeaked: Service com.android.exchange.ExchangeService has leaked ServiceConnection com.android.emailcommon.service.ServiceProxy$ProxyConnection@b4040b58 that was originally bound here

E/ActivityThread( 5709): 	at android.app.LoadedApk$ServiceDispatcher.<init>(LoadedApk.java:969)

E/ActivityThread( 5709): 	at android.app.LoadedApk.getServiceDispatcher(LoadedApk.java:863)

E/ActivityThread( 5709): 	at android.app.ContextImpl.bindService(ContextImpl.java:1418)

E/ActivityThread( 5709): 	at android.app.ContextImpl.bindService(ContextImpl.java:1407)

E/ActivityThread( 5709): 	at android.content.ContextWrapper.bindService(ContextWrapper.java:473)

E/ActivityThread( 5709): 	at com.android.emailcommon.service.ServiceProxy.setTask(ServiceProxy.java:157)

E/ActivityThread( 5709): 	at com.android.emailcommon.service.ServiceProxy.setTask(ServiceProxy.java:145)

E/ActivityThread( 5709): 	at com.android.emailcommon.service.ServiceProxy.test(ServiceProxy.java:191)

E/ActivityThread( 5709): 	at com.android.exchange.ExchangeService$7.run(ExchangeService.java:1850)

E/ActivityThread( 5709): 	at com.android.emailcommon.utility.Utility$2.doInBackground(Utility.java:551)

E/ActivityThread( 5709): 	at com.android.emailcommon.utility.Utility$2.doInBackground(Utility.java:549)

E/ActivityThread( 5709): 	at android.os.AsyncTask$2.call(AsyncTask.java:287)

E/ActivityThread( 5709): 	at java.util.concurrent.FutureTask.run(FutureTask.java:234)

E/ActivityThread( 5709): 	at java.util.concurrent.ThreadPoolExecutor.runWorker(ThreadPoolExecutor.java:1080)

E/ActivityThread( 5709): 	at java.util.concurrent.ThreadPoolExecutor$Worker.run(ThreadPoolExecutor.java:573)

E/ActivityThread( 5709): 	at java.lang.Thread.run(Thread.java:856)

E/StrictMode( 5709): null

E/StrictMode( 5709): android.app.ServiceConnectionLeaked: Service com.android.exchange.ExchangeService has leaked ServiceConnection com.android.emailcommon.service.ServiceProxy$ProxyConnection@b4040b58 that was originally bound here

E/StrictMode( 5709): 	at android.app.LoadedApk$ServiceDispatcher.<init>(LoadedApk.java:969)

E/StrictMode( 5709): 	at android.app.LoadedApk.getServiceDispatcher(LoadedApk.java:863)

E/StrictMode( 5709): 	at android.app.ContextImpl.bindService(ContextImpl.java:1418)

E/StrictMode( 5709): 	at android.app.ContextImpl.bindService(ContextImpl.java:1407)

E/StrictMode( 5709): 	at android.content.ContextWrapper.bindService(ContextWrapper.java:473)

E/StrictMode( 5709): 	at com.android.emailcommon.service.ServiceProxy.setTask(ServiceProxy.java:157)

E/StrictMode( 5709): 	at com.android.emailcommon.service.ServiceProxy.setTask(ServiceProxy.java:145)

E/StrictMode( 5709): 	at com.android.emailcommon.service.ServiceProxy.test(ServiceProxy.java:191)

E/StrictMode( 5709): 	at com.android.exchange.ExchangeService$7.run(ExchangeService.java:1850)

E/StrictMode( 5709): 	at com.android.emailcommon.utility.Utility$2.doInBackground(Utility.java:551)

E/StrictMode( 5709): 	at com.android.emailcommon.utility.Utility$2.doInBackground(Utility.java:549)

E/StrictMode( 5709): 	at android.os.AsyncTask$2.call(AsyncTask.java:287)

E/StrictMode( 5709): 	at java.util.concurrent.FutureTask.run(FutureTask.java:234)

E/StrictMode( 5709): 	at java.util.concurrent.ThreadPoolExecutor.runWorker(ThreadPoolExecutor.java:1080)

E/StrictMode( 5709): 	at java.util.concurrent.ThreadPoolExecutor$Worker.run(ThreadPoolExecutor.java:573)

E/StrictMode( 5709): 	at java.lang.Thread.run(Thread.java:856)

W/ActivityManager( 5240): Unbind failed: could not find connection for android.os.BinderProxy@b40edec8

W/ActivityManager( 5240): Unable to start service Intent { act=com.android.email.ACCOUNT_INTENT } U=0: not found

W/Trace   ( 5240): Unexpected value from nativeGetEnabledTags: 0

W/Trace   ( 5240): Unexpected value from nativeGetEnabledTags: 0

W/Trace   ( 5709): Unexpected value from nativeGetEnabledTags: 0

W/Trace   ( 5709): Unexpected value from nativeGetEnabledTags: 0

D/dalvikvm( 5480): GC_CONCURRENT freed 388K, 15% free 2922K/3420K, paused 10ms+0ms, total 12ms

W/Trace   ( 5240): Unexpected value from nativeGetEnabledTags: 0

W/Trace   ( 5240): Unexpected value from nativeGetEnabledTags: 0

W/Trace   ( 5240): Unexpected value from nativeGetEnabledTags: 0

W/Trace   ( 5370): Unexpected value from nativeGetEnabledTags: 0

W/Trace   ( 5370): Unexpected value from nativeGetEnabledTags: 0

W/Trace   ( 5240): Unexpected value from nativeGetEnabledTags: 0

W/Trace   ( 5370): Unexpected value from nativeGetEnabledTags: 0

W/Trace   ( 5370): Unexpected value from nativeGetEnabledTags: 0

W/Trace   ( 5370): Unexpected value from nativeGetEnabledTags: 0

W/Trace   ( 5370): Unexpected value from nativeGetEnabledTags: 0

W/Trace   ( 5370): Unexpected value from nativeGetEnabledTags: 0

W/Trace   ( 5370): Unexpected value from nativeGetEnabledTags: 0

W/Trace   ( 5370): Unexpected value from nativeGetEnabledTags: 0

W/Trace   ( 5370): Unexpected value from nativeGetEnabledTags: 0

W/Trace   ( 5370): Unexpected value from nativeGetEnabledTags: 0

W/Trace   ( 5370): Unexpected value from nativeGetEnabledTags: 0

W/Trace   ( 5370): Unexpected value from nativeGetEnabledTags: 0

W/Trace   ( 5370): Unexpected value from nativeGetEnabledTags: 0

W/Trace   ( 5370): Unexpected value from nativeGetEnabledTags: 0

W/Trace   ( 5370): Unexpected value from nativeGetEnabledTags: 0

W/Trace   ( 5492): Unexpected value from nativeGetEnabledTags: 0

W/Trace   ( 5492): Unexpected value from nativeGetEnabledTags: 0

W/Trace   ( 5240): Unexpected value from nativeGetEnabledTags: 0

E/ThrottleService( 5240): problem during onPollAlarm: java.lang.IllegalStateException: problem parsing stats: java.io.FileNotFoundException: /proc/net/xt_qtaguid/iface_stat_all: open failed: ENOENT (No such file or directory)

W/Trace   ( 5240): Unexpected value from nativeGetEnabledTags: 0

D/ExchangeService( 5709): Received deviceId from Email app: null

D/ExchangeService( 5709): !!! deviceId unknown; stopping self and retrying

W/Trace   ( 5480): Unexpected value from nativeGetEnabledTags: 0

W/Trace   ( 5480): Unexpected value from nativeGetEnabledTags: 0

W/Trace   ( 5492): Unexpected value from nativeGetEnabledTags: 0

W/Trace   ( 5492): Unexpected value from nativeGetEnabledTags: 0

W/Trace   ( 5431): Unexpected value from nativeGetEnabledTags: 0

W/Trace   ( 5431): Unexpected value from nativeGetEnabledTags: 0

W/Trace   ( 5370): Unexpected value from nativeGetEnabledTags: 0

W/Trace   ( 5370): Unexpected value from nativeGetEnabledTags: 0

W/Trace   ( 5709): Unexpected value from nativeGetEnabledTags: 0

W/Trace   ( 5709): Unexpected value from nativeGetEnabledTags: 0

D/ExchangeService( 5709): !!! EAS ExchangeService, onCreate

W/Trace   ( 5709): Unexpected value from nativeGetEnabledTags: 0

D/ExchangeService( 5709): !!! EAS ExchangeService, onStartCommand, startingUp = false, running = false

W/Trace   ( 5709): Unexpected value from nativeGetEnabledTags: 0

W/Trace   ( 5709): Unexpected value from nativeGetEnabledTags: 0

D/ExchangeService( 5709): !!! EAS ExchangeService, onStartCommand, startingUp = true, running = false

W/Trace   ( 5709): Unexpected value from nativeGetEnabledTags: 0

W/ActivityManager( 5240): Unable to start service Intent { act=com.android.email.ACCOUNT_INTENT } U=0: not found

D/ExchangeService( 5709): !!! Email application not found; stopping self

W/Trace   ( 5240): Unexpected value from nativeGetEnabledTags: 0

W/Trace   ( 5240): Unexpected value from nativeGetEnabledTags: 0

W/Trace   ( 5709): Unexpected value from nativeGetEnabledTags: 0

W/Trace   ( 5709): Unexpected value from nativeGetEnabledTags: 0

E/ActivityThread( 5709): Service com.android.exchange.ExchangeService has leaked ServiceConnection com.android.emailcommon.service.ServiceProxy$ProxyConnection@b3f3e4b8 that was originally bound here

E/ActivityThread( 5709): android.app.ServiceConnectionLeaked: Service com.android.exchange.ExchangeService has leaked ServiceConnection com.android.emailcommon.service.ServiceProxy$ProxyConnection@b3f3e4b8 that was originally bound here

E/ActivityThread( 5709): 	at android.app.LoadedApk$ServiceDispatcher.<init>(LoadedApk.java:969)

E/ActivityThread( 5709): 	at android.app.LoadedApk.getServiceDispatcher(LoadedApk.java:863)

E/ActivityThread( 5709): 	at android.app.ContextImpl.bindService(ContextImpl.java:1418)

E/ActivityThread( 5709): 	at android.app.ContextImpl.bindService(ContextImpl.java:1407)

E/ActivityThread( 5709): 	at android.content.ContextWrapper.bindService(ContextWrapper.java:473)

E/ActivityThread( 5709): 	at com.android.emailcommon.service.ServiceProxy.setTask(ServiceProxy.java:157)

E/ActivityThread( 5709): 	at com.android.emailcommon.service.ServiceProxy.setTask(ServiceProxy.java:145)

E/ActivityThread( 5709): 	at com.android.emailcommon.service.ServiceProxy.test(ServiceProxy.java:191)

E/ActivityThread( 5709): 	at com.android.exchange.ExchangeService$7.run(ExchangeService.java:1850)

E/ActivityThread( 5709): 	at com.android.emailcommon.utility.Utility$2.doInBackground(Utility.java:551)

E/ActivityThread( 5709): 	at com.android.emailcommon.utility.Utility$2.doInBackground(Utility.java:549)

E/ActivityThread( 5709): 	at android.os.AsyncTask$2.call(AsyncTask.java:287)

E/ActivityThread( 5709): 	at java.util.concurrent.FutureTask.run(FutureTask.java:234)

E/ActivityThread( 5709): 	at java.util.concurrent.ThreadPoolExecutor.runWorker(ThreadPoolExecutor.java:1080)

E/ActivityThread( 5709): 	at java.util.concurrent.ThreadPoolExecutor$Worker.run(ThreadPoolExecutor.java:573)

E/ActivityThread( 5709): 	at java.lang.Thread.run(Thread.java:856)

E/StrictMode( 5709): null

E/StrictMode( 5709): android.app.ServiceConnectionLeaked: Service com.android.exchange.ExchangeService has leaked ServiceConnection com.android.emailcommon.service.ServiceProxy$ProxyConnection@b3f3e4b8 that was originally bound here

E/StrictMode( 5709): 	at android.app.LoadedApk$ServiceDispatcher.<init>(LoadedApk.java:969)

E/StrictMode( 5709): 	at android.app.LoadedApk.getServiceDispatcher(LoadedApk.java:863)

E/StrictMode( 5709): 	at android.app.ContextImpl.bindService(ContextImpl.java:1418)

E/StrictMode( 5709): 	at android.app.ContextImpl.bindService(ContextImpl.java:1407)

E/StrictMode( 5709): 	at android.content.ContextWrapper.bindService(ContextWrapper.java:473)

E/StrictMode( 5709): 	at com.android.emailcommon.service.ServiceProxy.setTask(ServiceProxy.java:157)

E/StrictMode( 5709): 	at com.android.emailcommon.service.ServiceProxy.setTask(ServiceProxy.java:145)

E/StrictMode( 5709): 	at com.android.emailcommon.service.ServiceProxy.test(ServiceProxy.java:191)

E/StrictMode( 5709): 	at com.android.exchange.ExchangeService$7.run(ExchangeService.java:1850)

E/StrictMode( 5709): 	at com.android.emailcommon.utility.Utility$2.doInBackground(Utility.java:551)

E/StrictMode( 5709): 	at com.android.emailcommon.utility.Utility$2.doInBackground(Utility.java:549)

E/StrictMode( 5709): 	at android.os.AsyncTask$2.call(AsyncTask.java:287)

E/StrictMode( 5709): 	at java.util.concurrent.FutureTask.run(FutureTask.java:234)

E/StrictMode( 5709): 	at java.util.concurrent.ThreadPoolExecutor.runWorker(ThreadPoolExecutor.java:1080)

E/StrictMode( 5709): 	at java.util.concurrent.ThreadPoolExecutor$Worker.run(ThreadPoolExecutor.java:573)

E/StrictMode( 5709): 	at java.lang.Thread.run(Thread.java:856)

W/ActivityManager( 5240): Unbind failed: could not find connection for android.os.BinderProxy@b44ea7e0

W/Trace   ( 5709): Unexpected value from nativeGetEnabledTags: 0

W/Trace   ( 5709): Unexpected value from nativeGetEnabledTags: 0

W/ActivityManager( 5240): Unable to start service Intent { act=com.android.email.ACCOUNT_INTENT } U=0: not found

W/Trace   ( 5480): Unexpected value from nativeGetEnabledTags: 0

