W/Trace   ( 5480): Unexpected value from nativeGetEnabledTags: 0

W/Trace   ( 5240): Unexpected value from nativeGetEnabledTags: 0

W/Trace   ( 5240): Unexpected value from nativeGetEnabledTags: 0

W/Trace   ( 5240): Unexpected value from nativeGetEnabledTags: 0

W/Trace   ( 5370): Unexpected value from nativeGetEnabledTags: 0

W/Trace   ( 5370): Unexpected value from nativeGetEnabledTags: 0

W/Trace   ( 5240): Unexpected value from nativeGetEnabledTags: 0

W/Trace   ( 5370): Unexpected value from nativeGetEnabledTags: 0

W/Trace   ( 5370): Unexpected value from nativeGetEnabledTags: 0

W/Trace   ( 5370): Unexpected value from nativeGetEnabledTags: 0

W/Trace   ( 5370): Unexpected value from nativeGetEnabledTags: 0

W/Trace   ( 5370): Unexpected value from nativeGetEnabledTags: 0

W/Trace   ( 5370): Unexpected value from nativeGetEnabledTags: 0

W/Trace   ( 5370): Unexpected value from nativeGetEnabledTags: 0

W/Trace   ( 5370): Unexpected value from nativeGetEnabledTags: 0

W/Trace   ( 5370): Unexpected value from nativeGetEnabledTags: 0

W/Trace   ( 5370): Unexpected value from nativeGetEnabledTags: 0

W/Trace   ( 5370): Unexpected value from nativeGetEnabledTags: 0

W/Trace   ( 5370): Unexpected value from nativeGetEnabledTags: 0

W/Trace   ( 5370): Unexpected value from nativeGetEnabledTags: 0

W/Trace   ( 5370): Unexpected value from nativeGetEnabledTags: 0

W/Trace   ( 5492): Unexpected value from nativeGetEnabledTags: 0

W/Trace   ( 5492): Unexpected value from nativeGetEnabledTags: 0

D/ExchangeService( 5709): Received deviceId from Email app: null

D/ExchangeService( 5709): !!! deviceId unknown; stopping self and retrying

W/Trace   ( 5480): Unexpected value from nativeGetEnabledTags: 0

W/Trace   ( 5480): Unexpected value from nativeGetEnabledTags: 0

W/Trace   ( 5492): Unexpected value from nativeGetEnabledTags: 0

W/Trace   ( 5492): Unexpected value from nativeGetEnabledTags: 0

W/Trace   ( 5431): Unexpected value from nativeGetEnabledTags: 0

W/Trace   ( 5431): Unexpected value from nativeGetEnabledTags: 0

W/Trace   ( 5370): Unexpected value from nativeGetEnabledTags: 0

W/Trace   ( 5370): Unexpected value from nativeGetEnabledTags: 0

W/Trace   ( 5709): Unexpected value from nativeGetEnabledTags: 0

W/Trace   ( 5709): Unexpected value from nativeGetEnabledTags: 0

D/ExchangeService( 5709): !!! EAS ExchangeService, onCreate

W/Trace   ( 5709): Unexpected value from nativeGetEnabledTags: 0

D/ExchangeService( 5709): !!! EAS ExchangeService, onStartCommand, startingUp = false, running = false

W/Trace   ( 5709): Unexpected value from nativeGetEnabledTags: 0

W/Trace   ( 5709): Unexpected value from nativeGetEnabledTags: 0

D/ExchangeService( 5709): !!! EAS ExchangeService, onStartCommand, startingUp = true, running = false

W/Trace   ( 5709): Unexpected value from nativeGetEnabledTags: 0

W/ActivityManager( 5240): Unable to start service Intent { act=com.android.email.ACCOUNT_INTENT } U=0: not found

D/ExchangeService( 5709): !!! Email application not found; stopping self

W/Trace   ( 5709): Unexpected value from nativeGetEnabledTags: 0

W/Trace   ( 5709): Unexpected value from nativeGetEnabledTags: 0

E/ActivityThread( 5709): Service com.android.exchange.ExchangeService has leaked ServiceConnection com.android.emailcommon.service.ServiceProxy$ProxyConnection@b3f61d90 that was originally bound here

E/ActivityThread( 5709): android.app.ServiceConnectionLeaked: Service com.android.exchange.ExchangeService has leaked ServiceConnection com.android.emailcommon.service.ServiceProxy$ProxyConnection@b3f61d90 that was originally bound here

E/ActivityThread( 5709): 	at android.app.LoadedApk$ServiceDispatcher.<init>(LoadedApk.java:969)

E/ActivityThread( 5709): 	at android.app.LoadedApk.getServiceDispatcher(LoadedApk.java:863)

E/ActivityThread( 5709): 	at android.app.ContextImpl.bindService(ContextImpl.java:1418)

E/ActivityThread( 5709): 	at android.app.ContextImpl.bindService(ContextImpl.java:1407)

E/ActivityThread( 5709): 	at android.content.ContextWrapper.bindService(ContextWrapper.java:473)

E/ActivityThread( 5709): 	at com.android.emailcommon.service.ServiceProxy.setTask(ServiceProxy.java:157)

E/ActivityThread( 5709): 	at com.android.emailcommon.service.ServiceProxy.setTask(ServiceProxy.java:145)

E/ActivityThread( 5709): 	at com.android.emailcommon.service.ServiceProxy.test(ServiceProxy.java:191)

E/ActivityThread( 5709): 	at com.android.exchange.ExchangeService$7.run(ExchangeService.java:1850)

E/ActivityThread( 5709): 	at com.android.emailcommon.utility.Utility$2.doInBackground(Utility.java:551)

E/ActivityThread( 5709): 	at com.android.emailcommon.utility.Utility$2.doInBackground(Utility.java:549)

E/ActivityThread( 5709): 	at android.os.AsyncTask$2.call(AsyncTask.java:287)

E/ActivityThread( 5709): 	at java.util.concurrent.FutureTask.run(FutureTask.java:234)

E/ActivityThread( 5709): 	at java.util.concurrent.ThreadPoolExecutor.runWorker(ThreadPoolExecutor.java:1080)

E/ActivityThread( 5709): 	at java.util.concurrent.ThreadPoolExecutor$Worker.run(ThreadPoolExecutor.java:573)

E/ActivityThread( 5709): 	at java.lang.Thread.run(Thread.java:856)

E/StrictMode( 5709): null

E/StrictMode( 5709): android.app.ServiceConnectionLeaked: Service com.android.exchange.ExchangeService has leaked ServiceConnection com.android.emailcommon.service.ServiceProxy$ProxyConnection@b3f61d90 that was originally bound here

E/StrictMode( 5709): 	at android.app.LoadedApk$ServiceDispatcher.<init>(LoadedApk.java:969)

E/StrictMode( 5709): 	at android.app.LoadedApk.getServiceDispatcher(LoadedApk.java:863)

E/StrictMode( 5709): 	at android.app.ContextImpl.bindService(ContextImpl.java:1418)

E/StrictMode( 5709): 	at android.app.ContextImpl.bindService(ContextImpl.java:1407)

E/StrictMode( 5709): 	at android.content.ContextWrapper.bindService(ContextWrapper.java:473)

E/StrictMode( 5709): 	at com.android.emailcommon.service.ServiceProxy.setTask(ServiceProxy.java:157)

E/StrictMode( 5709): 	at com.android.emailcommon.service.ServiceProxy.setTask(ServiceProxy.java:145)

E/StrictMode( 5709): 	at com.android.emailcommon.service.ServiceProxy.test(ServiceProxy.java:191)

E/StrictMode( 5709): 	at com.android.exchange.ExchangeService$7.run(ExchangeService.java:1850)

E/StrictMode( 5709): 	at com.android.emailcommon.utility.Utility$2.doInBackground(Utility.java:551)

E/StrictMode( 5709): 	at com.android.emailcommon.utility.Utility$2.doInBackground(Utility.java:549)

E/StrictMode( 5709): 	at android.os.AsyncTask$2.call(AsyncTask.java:287)

E/StrictMode( 5709): 	at java.util.concurrent.FutureTask.run(FutureTask.java:234)

E/StrictMode( 5709): 	at java.util.concurrent.ThreadPoolExecutor.runWorker(ThreadPoolExecutor.java:1080)

E/StrictMode( 5709): 	at java.util.concurrent.ThreadPoolExecutor$Worker.run(ThreadPoolExecutor.java:573)

E/StrictMode( 5709): 	at java.lang.Thread.run(Thread.java:856)

W/ActivityManager( 5240): Unbind failed: could not find connection for android.os.BinderProxy@b44dd1b0

W/Trace   ( 5709): Unexpected value from nativeGetEnabledTags: 0

W/Trace   ( 5709): Unexpected value from nativeGetEnabledTags: 0

W/ActivityManager( 5240): Unable to start service Intent { act=com.android.email.ACCOUNT_INTENT } U=0: not found

W/Trace   ( 5240): Unexpected value from nativeGetEnabledTags: 0

W/Trace   ( 5240): Unexpected value from nativeGetEnabledTags: 0

W/Trace   ( 5480): Unexpected value from nativeGetEnabledTags: 0

W/Trace   ( 5480): Unexpected value from nativeGetEnabledTags: 0

W/Trace   ( 5240): Unexpected value from nativeGetEnabledTags: 0

W/Trace   ( 5240): Unexpected value from nativeGetEnabledTags: 0

W/Trace   ( 5240): Unexpected value from nativeGetEnabledTags: 0

W/Trace   ( 5370): Unexpected value from nativeGetEnabledTags: 0

W/Trace   ( 5370): Unexpected value from nativeGetEnabledTags: 0

W/Trace   ( 5240): Unexpected value from nativeGetEnabledTags: 0

W/Trace   ( 5370): Unexpected value from nativeGetEnabledTags: 0

W/Trace   ( 5370): Unexpected value from nativeGetEnabledTags: 0

W/Trace   ( 5370): Unexpected value from nativeGetEnabledTags: 0

W/Trace   ( 5370): Unexpected value from nativeGetEnabledTags: 0

W/Trace   ( 5370): Unexpected value from nativeGetEnabledTags: 0

W/Trace   ( 5370): Unexpected value from nativeGetEnabledTags: 0

W/Trace   ( 5370): Unexpected value from nativeGetEnabledTags: 0

W/Trace   ( 5370): Unexpected value from nativeGetEnabledTags: 0

W/Trace   ( 5370): Unexpected value from nativeGetEnabledTags: 0

W/Trace   ( 5370): Unexpected value from nativeGetEnabledTags: 0

W/Trace   ( 5370): Unexpected value from nativeGetEnabledTags: 0

W/Trace   ( 5370): Unexpected value from nativeGetEnabledTags: 0

W/Trace   ( 5370): Unexpected value from nativeGetEnabledTags: 0

W/Trace   ( 5370): Unexpected value from nativeGetEnabledTags: 0

W/Trace   ( 5492): Unexpected value from nativeGetEnabledTags: 0

W/Trace   ( 5492): Unexpected value from nativeGetEnabledTags: 0

D/ExchangeService( 5709): Received deviceId from Email app: null

D/ExchangeService( 5709): !!! deviceId unknown; stopping self and retrying

W/Trace   ( 5480): Unexpected value from nativeGetEnabledTags: 0

W/Trace   ( 5480): Unexpected value from nativeGetEnabledTags: 0

W/Trace   ( 5492): Unexpected value from nativeGetEnabledTags: 0

W/Trace   ( 5492): Unexpected value from nativeGetEnabledTags: 0

W/Trace   ( 5431): Unexpected value from nativeGetEnabledTags: 0

W/Trace   ( 5431): Unexpected value from nativeGetEnabledTags: 0

W/Trace   ( 5370): Unexpected value from nativeGetEnabledTags: 0

W/Trace   ( 5370): Unexpected value from nativeGetEnabledTags: 0

W/Trace   ( 5709): Unexpected value from nativeGetEnabledTags: 0

W/Trace   ( 5709): Unexpected value from nativeGetEnabledTags: 0

D/ExchangeService( 5709): !!! EAS ExchangeService, onCreate

W/Trace   ( 5709): Unexpected value from nativeGetEnabledTags: 0

D/ExchangeService( 5709): !!! EAS ExchangeService, onStartCommand, startingUp = false, running = false

W/Trace   ( 5709): Unexpected value from nativeGetEnabledTags: 0

W/Trace   ( 5709): Unexpected value from nativeGetEnabledTags: 0

D/ExchangeService( 5709): !!! EAS ExchangeService, onStartCommand, startingUp = true, running = false

W/Trace   ( 5709): Unexpected value from nativeGetEnabledTags: 0

W/ActivityManager( 5240): Unable to start service Intent { act=com.android.email.ACCOUNT_INTENT } U=0: not found

D/ExchangeService( 5709): !!! Email application not found; stopping self

W/Trace   ( 5240): Unexpected value from nativeGetEnabledTags: 0

W/Trace   ( 5240): Unexpected value from nativeGetEnabledTags: 0

W/Trace   ( 5709): Unexpected value from nativeGetEnabledTags: 0

W/Trace   ( 5709): Unexpected value from nativeGetEnabledTags: 0

E/ActivityThread( 5709): Service com.android.exchange.ExchangeService has leaked ServiceConnection com.android.emailcommon.service.ServiceProxy$ProxyConnection@b402fbf8 that was originally bound here

E/ActivityThread( 5709): android.app.ServiceConnectionLeaked: Service com.android.exchange.ExchangeService has leaked ServiceConnection com.android.emailcommon.service.ServiceProxy$ProxyConnection@b402fbf8 that was originally bound here

E/ActivityThread( 5709): 	at android.app.LoadedApk$ServiceDispatcher.<init>(LoadedApk.java:969)

E/ActivityThread( 5709): 	at android.app.LoadedApk.getServiceDispatcher(LoadedApk.java:863)

E/ActivityThread( 5709): 	at android.app.ContextImpl.bindService(ContextImpl.java:1418)

E/ActivityThread( 5709): 	at android.app.ContextImpl.bindService(ContextImpl.java:1407)

E/ActivityThread( 5709): 	at android.content.ContextWrapper.bindService(ContextWrapper.java:473)

E/ActivityThread( 5709): 	at com.android.emailcommon.service.ServiceProxy.setTask(ServiceProxy.java:157)

E/ActivityThread( 5709): 	at com.android.emailcommon.service.ServiceProxy.setTask(ServiceProxy.java:145)

E/ActivityThread( 5709): 	at com.android.emailcommon.service.ServiceProxy.test(ServiceProxy.java:191)

E/ActivityThread( 5709): 	at com.android.exchange.ExchangeService$7.run(ExchangeService.java:1850)

E/ActivityThread( 5709): 	at com.android.emailcommon.utility.Utility$2.doInBackground(Utility.java:551)

E/ActivityThread( 5709): 	at com.android.emailcommon.utility.Utility$2.doInBackground(Utility.java:549)

E/ActivityThread( 5709): 	at android.os.AsyncTask$2.call(AsyncTask.java:287)

E/ActivityThread( 5709): 	at java.util.concurrent.FutureTask.run(FutureTask.java:234)

E/ActivityThread( 5709): 	at java.util.concurrent.ThreadPoolExecutor.runWorker(ThreadPoolExecutor.java:1080)

E/ActivityThread( 5709): 	at java.util.concurrent.ThreadPoolExecutor$Worker.run(ThreadPoolExecutor.java:573)

E/ActivityThread( 5709): 	at java.lang.Thread.run(Thread.java:856)

E/StrictMode( 5709): null

E/StrictMode( 5709): android.app.ServiceConnectionLeaked: Service com.android.exchange.ExchangeService has leaked ServiceConnection com.android.emailcommon.service.ServiceProxy$ProxyConnection@b402fbf8 that was originally bound here

E/StrictMode( 5709): 	at android.app.LoadedApk$ServiceDispatcher.<init>(LoadedApk.java:969)

E/StrictMode( 5709): 	at android.app.LoadedApk.getServiceDispatcher(LoadedApk.java:863)

E/StrictMode( 5709): 	at android.app.ContextImpl.bindService(ContextImpl.java:1418)

E/StrictMode( 5709): 	at android.app.ContextImpl.bindService(ContextImpl.java:1407)

E/StrictMode( 5709): 	at android.content.ContextWrapper.bindService(ContextWrapper.java:473)

E/StrictMode( 5709): 	at com.android.emailcommon.service.ServiceProxy.setTask(ServiceProxy.java:157)

E/StrictMode( 5709): 	at com.android.emailcommon.service.ServiceProxy.setTask(ServiceProxy.java:145)

E/StrictMode( 5709): 	at com.android.emailcommon.service.ServiceProxy.test(ServiceProxy.java:191)

E/StrictMode( 5709): 	at com.android.exchange.ExchangeService$7.run(ExchangeService.java:1850)

E/StrictMode( 5709): 	at com.android.emailcommon.utility.Utility$2.doInBackground(Utility.java:551)

E/StrictMode( 5709): 	at com.android.emailcommon.utility.Utility$2.doInBackground(Utility.java:549)

E/StrictMode( 5709): 	at android.os.AsyncTask$2.call(AsyncTask.java:287)

E/StrictMode( 5709): 	at java.util.concurrent.FutureTask.run(FutureTask.java:234)

E/StrictMode( 5709): 	at java.util.concurrent.ThreadPoolExecutor.runWorker(ThreadPoolExecutor.java:1080)

E/StrictMode( 5709): 	at java.util.concurrent.ThreadPoolExecutor$Worker.run(ThreadPoolExecutor.java:573)

E/StrictMode( 5709): 	at java.lang.Thread.run(Thread.java:856)

W/ActivityManager( 5240): Unbind failed: could not find connection for android.os.BinderProxy@b441a7e8

W/Trace   ( 5709): Unexpected value from nativeGetEnabledTags: 0

W/Trace   ( 5709): Unexpected value from nativeGetEnabledTags: 0

W/ActivityManager( 5240): Unable to start service Intent { act=com.android.email.ACCOUNT_INTENT } U=0: not found

W/Trace   ( 5480): Unexpected value from nativeGetEnabledTags: 0

W/Trace   ( 5480): Unexpected value from nativeGetEnabledTags: 0

D/ExchangeService( 5709): Received deviceId from Email app: null

D/ExchangeService( 5709): !!! deviceId unknown; stopping self and retrying

W/Trace   ( 5240): Unexpected value from nativeGetEnabledTags: 0

W/Trace   ( 5240): Unexpected value from nativeGetEnabledTags: 0

W/Trace   ( 5240): Unexpected value from nativeGetEnabledTags: 0

W/Trace   ( 5370): Unexpected value from nativeGetEnabledTags: 0

W/Trace   ( 5370): Unexpected value from nativeGetEnabledTags: 0

W/Trace   ( 5240): Unexpected value from nativeGetEnabledTags: 0

W/Trace   ( 5370): Unexpected value from nativeGetEnabledTags: 0

W/Trace   ( 5370): Unexpected value from nativeGetEnabledTags: 0

W/Trace   ( 5370): Unexpected value from nativeGetEnabledTags: 0

W/Trace   ( 5370): Unexpected value from nativeGetEnabledTags: 0

W/Trace   ( 5370): Unexpected value from nativeGetEnabledTags: 0

W/Trace   ( 5370): Unexpected value from nativeGetEnabledTags: 0

W/Trace   ( 5370): Unexpected value from nativeGetEnabledTags: 0

W/Trace   ( 5370): Unexpected value from nativeGetEnabledTags: 0

W/Trace   ( 5370): Unexpected value from nativeGetEnabledTags: 0

W/Trace   ( 5370): Unexpected value from nativeGetEnabledTags: 0

W/Trace   ( 5370): Unexpected value from nativeGetEnabledTags: 0

W/Trace   ( 5370): Unexpected value from nativeGetEnabledTags: 0

W/Trace   ( 5370): Unexpected value from nativeGetEnabledTags: 0

W/Trace   ( 5370): Unexpected value from nativeGetEnabledTags: 0

W/Trace   ( 5492): Unexpected value from nativeGetEnabledTags: 0

W/Trace   ( 5492): Unexpected value from nativeGetEnabledTags: 0

W/Trace   ( 5480): Unexpected value from nativeGetEnabledTags: 0

W/Trace   ( 5480): Unexpected value from nativeGetEnabledTags: 0

W/Trace   ( 5492): Unexpected value from nativeGetEnabledTags: 0

W/Trace   ( 5492): Unexpected value from nativeGetEnabledTags: 0

W/Trace   ( 5431): Unexpected value from nativeGetEnabledTags: 0

W/Trace   ( 5431): Unexpected value from nativeGetEnabledTags: 0

W/Trace   ( 5370): Unexpected value from nativeGetEnabledTags: 0

W/Trace   ( 5370): Unexpected value from nativeGetEnabledTags: 0

W/Trace   ( 5709): Unexpected value from nativeGetEnabledTags: 0

W/Trace   ( 5709): Unexpected value from nativeGetEnabledTags: 0

D/ExchangeService( 5709): !!! EAS ExchangeService, onCreate

W/Trace   ( 5709): Unexpected value from nativeGetEnabledTags: 0

D/ExchangeService( 5709): !!! EAS ExchangeService, onStartCommand, startingUp = false, running = false

W/Trace   ( 5709): Unexpected value from nativeGetEnabledTags: 0

W/Trace   ( 5709): Unexpected value from nativeGetEnabledTags: 0

D/ExchangeService( 5709): !!! EAS ExchangeService, onStartCommand, startingUp = true, running = false

W/Trace   ( 5709): Unexpected value from nativeGetEnabledTags: 0

W/ActivityManager( 5240): Unable to start service Intent { act=com.android.email.ACCOUNT_INTENT } U=0: not found

D/ExchangeService( 5709): !!! Email application not found; stopping self

W/Trace   ( 5709): Unexpected value from nativeGetEnabledTags: 0

W/Trace   ( 5709): Unexpected value from nativeGetEnabledTags: 0

E/ActivityThread( 5709): Service com.android.exchange.ExchangeService has leaked ServiceConnection com.android.emailcommon.service.ServiceProxy$ProxyConnection@b408cc10 that was originally bound here

E/ActivityThread( 5709): android.app.ServiceConnectionLeaked: Service com.android.exchange.ExchangeService has leaked ServiceConnection com.android.emailcommon.service.ServiceProxy$ProxyConnection@b408cc10 that was originally bound here

E/ActivityThread( 5709): 	at android.app.LoadedApk$ServiceDispatcher.<init>(LoadedApk.java:969)

E/ActivityThread( 5709): 	at android.app.LoadedApk.getServiceDispatcher(LoadedApk.java:863)

E/ActivityThread( 5709): 	at android.app.ContextImpl.bindService(ContextImpl.java:1418)

E/ActivityThread( 5709): 	at android.app.ContextImpl.bindService(ContextImpl.java:1407)

E/ActivityThread( 5709): 	at android.content.ContextWrapper.bindService(ContextWrapper.java:473)

E/ActivityThread( 5709): 	at com.android.emailcommon.service.ServiceProxy.setTask(ServiceProxy.java:157)

E/ActivityThread( 5709): 	at com.android.emailcommon.service.ServiceProxy.setTask(ServiceProxy.java:145)

E/ActivityThread( 5709): 	at com.android.emailcommon.service.ServiceProxy.test(ServiceProxy.java:191)

E/ActivityThread( 5709): 	at com.android.exchange.ExchangeService$7.run(ExchangeService.java:1850)

E/ActivityThread( 5709): 	at com.android.emailcommon.utility.Utility$2.doInBackground(Utility.java:551)

E/ActivityThread( 5709): 	at com.android.emailcommon.utility.Utility$2.doInBackground(Utility.java:549)

E/ActivityThread( 5709): 	at android.os.AsyncTask$2.call(AsyncTask.java:287)

E/ActivityThread( 5709): 	at java.util.concurrent.FutureTask.run(FutureTask.java:234)

E/ActivityThread( 5709): 	at java.util.concurrent.ThreadPoolExecutor.runWorker(ThreadPoolExecutor.java:1080)

E/ActivityThread( 5709): 	at java.util.concurrent.ThreadPoolExecutor$Worker.run(ThreadPoolExecutor.java:573)

E/ActivityThread( 5709): 	at java.lang.Thread.run(Thread.java:856)

E/StrictMode( 5709): null

E/StrictMode( 5709): android.app.ServiceConnectionLeaked: Service com.android.exchange.ExchangeService has leaked ServiceConnection com.android.emailcommon.service.ServiceProxy$ProxyConnection@b408cc10 that was originally bound here

E/StrictMode( 5709): 	at android.app.LoadedApk$ServiceDispatcher.<init>(LoadedApk.java:969)

E/StrictMode( 5709): 	at android.app.LoadedApk.getServiceDispatcher(LoadedApk.java:863)

E/StrictMode( 5709): 	at android.app.ContextImpl.bindService(ContextImpl.java:1418)

E/StrictMode( 5709): 	at android.app.ContextImpl.bindService(ContextImpl.java:1407)

E/StrictMode( 5709): 	at android.content.ContextWrapper.bindService(ContextWrapper.java:473)

E/StrictMode( 5709): 	at com.android.emailcommon.service.ServiceProxy.setTask(ServiceProxy.java:157)

E/StrictMode( 5709): 	at com.android.emailcommon.service.ServiceProxy.setTask(ServiceProxy.java:145)

E/StrictMode( 5709): 	at com.android.emailcommon.service.ServiceProxy.test(ServiceProxy.java:191)

E/StrictMode( 5709): 	at com.android.exchange.ExchangeService$7.run(ExchangeService.java:1850)

E/StrictMode( 5709): 	at com.android.emailcommon.utility.Utility$2.doInBackground(Utility.java:551)

E/StrictMode( 5709): 	at com.android.emailcommon.utility.Utility$2.doInBackground(Utility.java:549)

E/StrictMode( 5709): 	at android.os.AsyncTask$2.call(AsyncTask.java:287)

E/StrictMode( 5709): 	at java.util.concurrent.FutureTask.run(FutureTask.java:234)

E/StrictMode( 5709): 	at java.util.concurrent.ThreadPoolExecutor.runWorker(ThreadPoolExecutor.java:1080)

E/StrictMode( 5709): 	at java.util.concurrent.ThreadPoolExecutor$Worker.run(ThreadPoolExecutor.java:573)

E/StrictMode( 5709): 	at java.lang.Thread.run(Thread.java:856)

D/dalvikvm( 5709): GC_CONCURRENT freed 431K, 13% free 3791K/4332K, paused 0ms+1ms, total 7ms

W/ActivityManager( 5240): Unbind failed: could not find connection for android.os.BinderProxy@b4046720

W/Trace   ( 5709): Unexpected value from nativeGetEnabledTags: 0

W/Trace   ( 5709): Unexpected value from nativeGetEnabledTags: 0

W/ActivityManager( 5240): Unable to start service Intent { act=com.android.email.ACCOUNT_INTENT } U=0: not found

W/Trace   ( 5240): Unexpected value from nativeGetEnabledTags: 0

W/Trace   ( 5240): Unexpected value from nativeGetEnabledTags: 0

W/Trace   ( 5480): Unexpected value from nativeGetEnabledTags: 0

W/Trace   ( 5480): Unexpected value from nativeGetEnabledTags: 0

D/ExchangeService( 5709): Received deviceId from Email app: null

D/ExchangeService( 5709): !!! deviceId unknown; stopping self and retrying

W/Trace   ( 5480): Unexpected value from nativeGetEnabledTags: 0

W/Trace   ( 5480): Unexpected value from nativeGetEnabledTags: 0

W/Trace   ( 5492): Unexpected value from nativeGetEnabledTags: 0

W/Trace   ( 5492): Unexpected value from nativeGetEnabledTags: 0

W/Trace   ( 5431): Unexpected value from nativeGetEnabledTags: 0

W/Trace   ( 5431): Unexpected value from nativeGetEnabledTags: 0

W/Trace   ( 5370): Unexpected value from nativeGetEnabledTags: 0

W/Trace   ( 5370): Unexpected value from nativeGetEnabledTags: 0

W/Trace   ( 5709): Unexpected value from nativeGetEnabledTags: 0

W/Trace   ( 5709): Unexpected value from nativeGetEnabledTags: 0

D/ExchangeService( 5709): !!! EAS ExchangeService, onCreate

W/Trace   ( 5709): Unexpected value from nativeGetEnabledTags: 0

D/ExchangeService( 5709): !!! EAS ExchangeService, onStartCommand, startingUp = false, running = false

W/Trace   ( 5709): Unexpected value from nativeGetEnabledTags: 0

W/Trace   ( 5709): Unexpected value from nativeGetEnabledTags: 0

D/ExchangeService( 5709): !!! EAS ExchangeService, onStartCommand, startingUp = true, running = false

W/Trace   ( 5709): Unexpected value from nativeGetEnabledTags: 0

W/ActivityManager( 5240): Unable to start service Intent { act=com.android.email.ACCOUNT_INTENT } U=0: not found

D/ExchangeService( 5709): !!! Email application not found; stopping self

W/Trace   ( 5709): Unexpected value from nativeGetEnabledTags: 0

W/Trace   ( 5709): Unexpected value from nativeGetEnabledTags: 0

E/ActivityThread( 5709): Service com.android.exchange.ExchangeService has leaked ServiceConnection com.android.emailcommon.service.ServiceProxy$ProxyConnection@b4058848 that was originally bound here

E/ActivityThread( 5709): android.app.ServiceConnectionLeaked: Service com.android.exchange.ExchangeService has leaked ServiceConnection com.android.emailcommon.service.ServiceProxy$ProxyConnection@b4058848 that was originally bound here

E/ActivityThread( 5709): 	at android.app.LoadedApk$ServiceDispatcher.<init>(LoadedApk.java:969)

E/ActivityThread( 5709): 	at android.app.LoadedApk.getServiceDispatcher(LoadedApk.java:863)

E/ActivityThread( 5709): 	at android.app.ContextImpl.bindService(ContextImpl.java:1418)

E/ActivityThread( 5709): 	at android.app.ContextImpl.bindService(ContextImpl.java:1407)

E/ActivityThread( 5709): 	at android.content.ContextWrapper.bindService(ContextWrapper.java:473)

E/ActivityThread( 5709): 	at com.android.emailcommon.service.ServiceProxy.setTask(ServiceProxy.java:157)

E/ActivityThread( 5709): 	at com.android.emailcommon.service.ServiceProxy.setTask(ServiceProxy.java:145)

E/ActivityThread( 5709): 	at com.android.emailcommon.service.AccountServiceProxy.getDeviceId(AccountServiceProxy.java:116)

E/ActivityThread( 5709): 	at com.android.exchange.ExchangeService.getDeviceId(ExchangeService.java:1249)

E/ActivityThread( 5709): 	at com.android.exchange.ExchangeService$7.run(ExchangeService.java:1856)

E/ActivityThread( 5709): 	at com.android.emailcommon.utility.Utility$2.doInBackground(Utility.java:551)

E/ActivityThread( 5709): 	at com.android.emailcommon.utility.Utility$2.doInBackground(Utility.java:549)

E/ActivityThread( 5709): 	at android.os.AsyncTask$2.call(AsyncTask.java:287)

E/ActivityThread( 5709): 	at java.util.concurrent.FutureTask.run(FutureTask.java:234)

E/ActivityThread( 5709): 	at java.util.concurrent.ThreadPoolExecutor.runWorker(ThreadPoolExecutor.java:1080)

E/ActivityThread( 5709): 	at java.util.concurrent.ThreadPoolExecutor$Worker.run(ThreadPoolExecutor.java:573)

E/ActivityThread( 5709): 	at java.lang.Thread.run(Thread.java:856)

E/StrictMode( 5709): null

E/StrictMode( 5709): android.app.ServiceConnectionLeaked: Service com.android.exchange.ExchangeService has leaked ServiceConnection com.android.emailcommon.service.ServiceProxy$ProxyConnection@b4058848 that was originally bound here

E/StrictMode( 5709): 	at android.app.LoadedApk$ServiceDispatcher.<init>(LoadedApk.java:969)

E/StrictMode( 5709): 	at android.app.LoadedApk.getServiceDispatcher(LoadedApk.java:863)

E/StrictMode( 5709): 	at android.app.ContextImpl.bindService(ContextImpl.java:1418)

E/StrictMode( 5709): 	at android.app.ContextImpl.bindService(ContextImpl.java:1407)

E/StrictMode( 5709): 	at android.content.ContextWrapper.bindService(ContextWrapper.java:473)

E/StrictMode( 5709): 	at com.android.emailcommon.service.ServiceProxy.setTask(ServiceProxy.java:157)

E/StrictMode( 5709): 	at com.android.emailcommon.service.ServiceProxy.setTask(ServiceProxy.java:145)

E/StrictMode( 5709): 	at com.android.emailcommon.service.AccountServiceProxy.getDeviceId(AccountServiceProxy.java:116)

E/StrictMode( 5709): 	at com.android.exchange.ExchangeService.getDeviceId(ExchangeService.java:1249)

E/StrictMode( 5709): 	at com.android.exchange.ExchangeService$7.run(ExchangeService.java:1856)

E/StrictMode( 5709): 	at com.android.emailcommon.utility.Utility$2.doInBackground(Utility.java:551)

E/StrictMode( 5709): 	at com.android.emailcommon.utility.Utility$2.doInBackground(Utility.java:549)

E/StrictMode( 5709): 	at android.os.AsyncTask$2.call(AsyncTask.java:287)

E/StrictMode( 5709): 	at java.util.concurrent.FutureTask.run(FutureTask.java:234)

E/StrictMode( 5709): 	at java.util.concurrent.ThreadPoolExecutor.runWorker(ThreadPoolExecutor.java:1080)

E/StrictMode( 5709): 	at java.util.concurrent.ThreadPoolExecutor$Worker.run(ThreadPoolExecutor.java:573)

E/StrictMode( 5709): 	at java.lang.Thread.run(Thread.java:856)

W/ActivityManager( 5240): Unbind failed: could not find connection for android.os.BinderProxy@b41684d8

E/ActivityThread( 5709): Service com.android.exchange.ExchangeService has leaked ServiceConnection com.android.emailcommon.service.ServiceProxy$ProxyConnection@b404a0e8 that was originally bound here

E/ActivityThread( 5709): android.app.ServiceConnectionLeaked: Service com.android.exchange.ExchangeService has leaked ServiceConnection com.android.emailcommon.service.ServiceProxy$ProxyConnection@b404a0e8 that was originally bound here

E/ActivityThread( 5709): 	at android.app.LoadedApk$ServiceDispatcher.<init>(LoadedApk.java:969)

E/ActivityThread( 5709): 	at android.app.LoadedApk.getServiceDispatcher(LoadedApk.java:863)

E/ActivityThread( 5709): 	at android.app.ContextImpl.bindService(ContextImpl.java:1418)

E/ActivityThread( 5709): 	at android.app.ContextImpl.bindService(ContextImpl.java:1407)

E/ActivityThread( 5709): 	at android.content.ContextWrapper.bindService(ContextWrapper.java:473)

E/ActivityThread( 5709): 	at com.android.emailcommon.service.ServiceProxy.setTask(ServiceProxy.java:157)

E/ActivityThread( 5709): 	at com.android.emailcommon.service.ServiceProxy.setTask(ServiceProxy.java:145)

E/ActivityThread( 5709): 	at com.android.emailcommon.service.ServiceProxy.test(ServiceProxy.java:191)

E/ActivityThread( 5709): 	at com.android.exchange.ExchangeService$7.run(ExchangeService.java:1850)

E/ActivityThread( 5709): 	at com.android.emailcommon.utility.Utility$2.doInBackground(Utility.java:551)

E/ActivityThread( 5709): 	at com.android.emailcommon.utility.Utility$2.doInBackground(Utility.java:549)

E/ActivityThread( 5709): 	at android.os.AsyncTask$2.call(AsyncTask.java:287)

E/ActivityThread( 5709): 	at java.util.concurrent.FutureTask.run(FutureTask.java:234)

E/ActivityThread( 5709): 	at java.util.concurrent.ThreadPoolExecutor.runWorker(ThreadPoolExecutor.java:1080)

E/ActivityThread( 5709): 	at java.util.concurrent.ThreadPoolExecutor$Worker.run(ThreadPoolExecutor.java:573)

E/ActivityThread( 5709): 	at java.lang.Thread.run(Thread.java:856)

E/StrictMode( 5709): null

E/StrictMode( 5709): android.app.ServiceConnectionLeaked: Service com.android.exchange.ExchangeService has leaked ServiceConnection com.android.emailcommon.service.ServiceProxy$ProxyConnection@b404a0e8 that was originally bound here

E/StrictMode( 5709): 	at android.app.LoadedApk$ServiceDispatcher.<init>(LoadedApk.java:969)

E/StrictMode( 5709): 	at android.app.LoadedApk.getServiceDispatcher(LoadedApk.java:863)

E/StrictMode( 5709): 	at android.app.ContextImpl.bindService(ContextImpl.java:1418)

E/StrictMode( 5709): 	at android.app.ContextImpl.bindService(ContextImpl.java:1407)

E/StrictMode( 5709): 	at android.content.ContextWrapper.bindService(ContextWrapper.java:473)

E/StrictMode( 5709): 	at com.android.emailcommon.service.ServiceProxy.setTask(ServiceProxy.java:157)

E/StrictMode( 5709): 	at com.android.emailcommon.service.ServiceProxy.setTask(ServiceProxy.java:145)

E/StrictMode( 5709): 	at com.android.emailcommon.service.ServiceProxy.test(ServiceProxy.java:191)

E/StrictMode( 5709): 	at com.android.exchange.ExchangeService$7.run(ExchangeService.java:1850)

E/StrictMode( 5709): 	at com.android.emailcommon.utility.Utility$2.doInBackground(Utility.java:551)

E/StrictMode( 5709): 	at com.android.emailcommon.utility.Utility$2.doInBackground(Utility.java:549)

E/StrictMode( 5709): 	at android.os.AsyncTask$2.call(AsyncTask.java:287)

E/StrictMode( 5709): 	at java.util.concurrent.FutureTask.run(FutureTask.java:234)

E/StrictMode( 5709): 	at java.util.concurrent.ThreadPoolExecutor.runWorker(ThreadPoolExecutor.java:1080)

E/StrictMode( 5709): 	at java.util.concurrent.ThreadPoolExecutor$Worker.run(ThreadPoolExecutor.java:573)

E/StrictMode( 5709): 	at java.lang.Thread.run(Thread.java:856)

W/ActivityManager( 5240): Unable to start service Intent { act=com.android.email.ACCOUNT_INTENT } U=0: not found

W/ActivityManager( 5240): Unbind failed: could not find connection for android.os.BinderProxy@b4410718

W/Trace   ( 5240): Unexpected value from nativeGetEnabledTags: 0

W/Trace   ( 5240): Unexpected value from nativeGetEnabledTags: 0

W/Trace   ( 5709): Unexpected value from nativeGetEnabledTags: 0

W/Trace   ( 5709): Unexpected value from nativeGetEnabledTags: 0

W/Trace   ( 5240): Unexpected value from nativeGetEnabledTags: 0

W/Trace   ( 5240): Unexpected value from nativeGetEnabledTags: 0

W/Trace   ( 5240): Unexpected value from nativeGetEnabledTags: 0

W/Trace   ( 5370): Unexpected value from nativeGetEnabledTags: 0

W/Trace   ( 5370): Unexpected value from nativeGetEnabledTags: 0

W/Trace   ( 5240): Unexpected value from nativeGetEnabledTags: 0

W/Trace   ( 5370): Unexpected value from nativeGetEnabledTags: 0

W/Trace   ( 5370): Unexpected value from nativeGetEnabledTags: 0

W/Trace   ( 5370): Unexpected value from nativeGetEnabledTags: 0

W/Trace   ( 5370): Unexpected value from nativeGetEnabledTags: 0

W/Trace   ( 5370): Unexpected value from nativeGetEnabledTags: 0

W/Trace   ( 5370): Unexpected value from nativeGetEnabledTags: 0

W/Trace   ( 5370): Unexpected value from nativeGetEnabledTags: 0

W/Trace   ( 5370): Unexpected value from nativeGetEnabledTags: 0

W/Trace   ( 5370): Unexpected value from nativeGetEnabledTags: 0

W/Trace   ( 5370): Unexpected value from nativeGetEnabledTags: 0

W/Trace   ( 5370): Unexpected value from nativeGetEnabledTags: 0

W/Trace   ( 5370): Unexpected value from nativeGetEnabledTags: 0

W/Trace   ( 5370): Unexpected value from nativeGetEnabledTags: 0

W/Trace   ( 5370): Unexpected value from nativeGetEnabledTags: 0

W/Trace   ( 5492): Unexpected value from nativeGetEnabledTags: 0

W/Trace   ( 5492): Unexpected value from nativeGetEnabledTags: 0

D/ExchangeService( 5709): Received deviceId from Email app: null

D/ExchangeService( 5709): !!! deviceId unknown; stopping self and retrying

W/Trace   ( 5480): Unexpected value from nativeGetEnabledTags: 0

W/Trace   ( 5480): Unexpected value from nativeGetEnabledTags: 0

W/Trace   ( 5480): Unexpected value from nativeGetEnabledTags: 0

W/Trace   ( 5480): Unexpected value from nativeGetEnabledTags: 0

W/Trace   ( 5492): Unexpected value from nativeGetEnabledTags: 0

W/Trace   ( 5492): Unexpected value from nativeGetEnabledTags: 0

W/Trace   ( 5431): Unexpected value from nativeGetEnabledTags: 0

W/Trace   ( 5431): Unexpected value from nativeGetEnabledTags: 0

W/Trace   ( 5370): Unexpected value from nativeGetEnabledTags: 0

W/Trace   ( 5370): Unexpected value from nativeGetEnabledTags: 0

W/Trace   ( 5709): Unexpected value from nativeGetEnabledTags: 0

W/Trace   ( 5709): Unexpected value from nativeGetEnabledTags: 0

D/ExchangeService( 5709): !!! EAS ExchangeService, onCreate

W/Trace   ( 5709): Unexpected value from nativeGetEnabledTags: 0

D/ExchangeService( 5709): !!! EAS ExchangeService, onStartCommand, startingUp = false, running = false

W/Trace   ( 5709): Unexpected value from nativeGetEnabledTags: 0

W/Trace   ( 5709): Unexpected value from nativeGetEnabledTags: 0

D/ExchangeService( 5709): !!! EAS ExchangeService, onStartCommand, startingUp = true, running = false

W/Trace   ( 5709): Unexpected value from nativeGetEnabledTags: 0

W/ActivityManager( 5240): Unable to start service Intent { act=com.android.email.ACCOUNT_INTENT } U=0: not found

D/ExchangeService( 5709): !!! Email application not found; stopping self

W/Trace   ( 5709): Unexpected value from nativeGetEnabledTags: 0

W/Trace   ( 5709): Unexpected value from nativeGetEnabledTags: 0

E/ActivityThread( 5709): Service com.android.exchange.ExchangeService has leaked ServiceConnection com.android.emailcommon.service.ServiceProxy$ProxyConnection@b403dac0 that was originally bound here

E/ActivityThread( 5709): android.app.ServiceConnectionLeaked: Service com.android.exchange.ExchangeService has leaked ServiceConnection com.android.emailcommon.service.ServiceProxy$ProxyConnection@b403dac0 that was originally bound here

E/ActivityThread( 5709): 	at android.app.LoadedApk$ServiceDispatcher.<init>(LoadedApk.java:969)

E/ActivityThread( 5709): 	at android.app.LoadedApk.getServiceDispatcher(LoadedApk.java:863)

E/ActivityThread( 5709): 	at android.app.ContextImpl.bindService(ContextImpl.java:1418)

E/ActivityThread( 5709): 	at android.app.ContextImpl.bindService(ContextImpl.java:1407)

E/ActivityThread( 5709): 	at android.content.ContextWrapper.bindService(ContextWrapper.java:473)

E/ActivityThread( 5709): 	at com.android.emailcommon.service.ServiceProxy.setTask(ServiceProxy.java:157)

E/ActivityThread( 5709): 	at com.android.emailcommon.service.ServiceProxy.setTask(ServiceProxy.java:145)

E/ActivityThread( 5709): 	at com.android.emailcommon.service.ServiceProxy.test(ServiceProxy.java:191)

E/ActivityThread( 5709): 	at com.android.exchange.ExchangeService$7.run(ExchangeService.java:1850)

E/ActivityThread( 5709): 	at com.android.emailcommon.utility.Utility$2.doInBackground(Utility.java:551)

E/ActivityThread( 5709): 	at com.android.emailcommon.utility.Utility$2.doInBackground(Utility.java:549)

E/ActivityThread( 5709): 	at android.os.AsyncTask$2.call(AsyncTask.java:287)

E/ActivityThread( 5709): 	at java.util.concurrent.FutureTask.run(FutureTask.java:234)

E/ActivityThread( 5709): 	at java.util.concurrent.ThreadPoolExecutor.runWorker(ThreadPoolExecutor.java:1080)

E/ActivityThread( 5709): 	at java.util.concurrent.ThreadPoolExecutor$Worker.run(ThreadPoolExecutor.java:573)

E/ActivityThread( 5709): 	at java.lang.Thread.run(Thread.java:856)

E/StrictMode( 5709): null

E/StrictMode( 5709): android.app.ServiceConnectionLeaked: Service com.android.exchange.ExchangeService has leaked ServiceConnection com.android.emailcommon.service.ServiceProxy$ProxyConnection@b403dac0 that was originally bound here

E/StrictMode( 5709): 	at android.app.LoadedApk$ServiceDispatcher.<init>(LoadedApk.java:969)

E/StrictMode( 5709): 	at android.app.LoadedApk.getServiceDispatcher(LoadedApk.java:863)

E/StrictMode( 5709): 	at android.app.ContextImpl.bindService(ContextImpl.java:1418)

E/StrictMode( 5709): 	at android.app.ContextImpl.bindService(ContextImpl.java:1407)

E/StrictMode( 5709): 	at android.content.ContextWrapper.bindService(ContextWrapper.java:473)

E/StrictMode( 5709): 	at com.android.emailcommon.service.ServiceProxy.setTask(ServiceProxy.java:157)

E/StrictMode( 5709): 	at com.android.emailcommon.service.ServiceProxy.setTask(ServiceProxy.java:145)

E/StrictMode( 5709): 	at com.android.emailcommon.service.ServiceProxy.test(ServiceProxy.java:191)

E/StrictMode( 5709): 	at com.android.exchange.ExchangeService$7.run(ExchangeService.java:1850)

E/StrictMode( 5709): 	at com.android.emailcommon.utility.Utility$2.doInBackground(Utility.java:551)

E/StrictMode( 5709): 	at com.android.emailcommon.utility.Utility$2.doInBackground(Utility.java:549)

E/StrictMode( 5709): 	at android.os.AsyncTask$2.call(AsyncTask.java:287)

E/StrictMode( 5709): 	at java.util.concurrent.FutureTask.run(FutureTask.java:234)

E/StrictMode( 5709): 	at java.util.concurrent.ThreadPoolExecutor.runWorker(ThreadPoolExecutor.java:1080)

E/StrictMode( 5709): 	at java.util.concurrent.ThreadPoolExecutor$Worker.run(ThreadPoolExecutor.java:573)

E/StrictMode( 5709): 	at java.lang.Thread.run(Thread.java:856)

W/ActivityManager( 5240): Unbind failed: could not find connection for android.os.BinderProxy@b44337f8

W/Trace   ( 5709): Unexpected value from nativeGetEnabledTags: 0

W/Trace   ( 5709): Unexpected value from nativeGetEnabledTags: 0

W/ActivityManager( 5240): Unable to start service Intent { act=com.android.email.ACCOUNT_INTENT } U=0: not found

W/Trace   ( 5240): Unexpected value from nativeGetEnabledTags: 0

W/Trace   ( 5240): Unexpected value from nativeGetEnabledTags: 0

W/Trace   ( 5240): Unexpected value from nativeGetEnabledTags: 0

W/Trace   ( 5240): Unexpected value from nativeGetEnabledTags: 0

W/Trace   ( 5240): Unexpected value from nativeGetEnabledTags: 0

W/Trace   ( 5370): Unexpected value from nativeGetEnabledTags: 0

W/Trace   ( 5370): Unexpected value from nativeGetEnabledTags: 0

W/Trace   ( 5240): Unexpected value from nativeGetEnabledTags: 0

W/Trace   ( 5370): Unexpected value from nativeGetEnabledTags: 0

W/Trace   ( 5370): Unexpected value from nativeGetEnabledTags: 0

W/Trace   ( 5370): Unexpected value from nativeGetEnabledTags: 0

W/Trace   ( 5370): Unexpected value from nativeGetEnabledTags: 0

W/Trace   ( 5370): Unexpected value from nativeGetEnabledTags: 0

W/Trace   ( 5370): Unexpected value from nativeGetEnabledTags: 0

W/Trace   ( 5370): Unexpected value from nativeGetEnabledTags: 0

W/Trace   ( 5370): Unexpected value from nativeGetEnabledTags: 0

W/Trace   ( 5370): Unexpected value from nativeGetEnabledTags: 0

W/Trace   ( 5370): Unexpected value from nativeGetEnabledTags: 0

W/Trace   ( 5370): Unexpected value from nativeGetEnabledTags: 0

W/Trace   ( 5370): Unexpected value from nativeGetEnabledTags: 0

W/Trace   ( 5370): Unexpected value from nativeGetEnabledTags: 0

W/Trace   ( 5370): Unexpected value from nativeGetEnabledTags: 0

W/Trace   ( 5492): Unexpected value from nativeGetEnabledTags: 0

W/Trace   ( 5492): Unexpected value from nativeGetEnabledTags: 0

D/ExchangeService( 5709): Received deviceId from Email app: null

D/ExchangeService( 5709): !!! deviceId unknown; stopping self and retrying

